Archive member included to satisfy reference by file (symbol)

c:/nxp/mcuxpressoide_11.9.0_2144/ide/plugins/com.nxp.mcuxpresso.tools.win32_11.9.0.202307121226/tools/bin/../lib/gcc/arm-none-eabi/12.3.1/../../../../arm-none-eabi/lib/thumb/v7e-m+dp/hard\libcr_nohost_nf.a(_cr__main.o)
                              ./startup/startup_mimxrt1024.o (__main)
c:/nxp/mcuxpressoide_11.9.0_2144/ide/plugins/com.nxp.mcuxpresso.tools.win32_11.9.0.202307121226/tools/bin/../lib/gcc/arm-none-eabi/12.3.1/../../../../arm-none-eabi/lib/thumb/v7e-m+dp/hard\libcr_c.a(memset.o)
                              ./source/dcp.o (memset)
c:/nxp/mcuxpressoide_11.9.0_2144/ide/plugins/com.nxp.mcuxpresso.tools.win32_11.9.0.202307121226/tools/bin/../lib/gcc/arm-none-eabi/12.3.1/../../../../arm-none-eabi/lib/thumb/v7e-m+dp/hard\libcr_c.a(alloc.o)
                              ./drivers/fsl_common.o (malloc)
c:/nxp/mcuxpressoide_11.9.0_2144/ide/plugins/com.nxp.mcuxpresso.tools.win32_11.9.0.202307121226/tools/bin/../lib/gcc/arm-none-eabi/12.3.1/../../../../arm-none-eabi/lib/thumb/v7e-m+dp/hard\libcr_c.a(errno.o)
                              ./utilities/fsl_str.o (errno)
c:/nxp/mcuxpressoide_11.9.0_2144/ide/plugins/com.nxp.mcuxpresso.tools.win32_11.9.0.202307121226/tools/bin/../lib/gcc/arm-none-eabi/12.3.1/../../../../arm-none-eabi/lib/thumb/v7e-m+dp/hard\libcr_c.a(initio.o)
                              c:/nxp/mcuxpressoide_11.9.0_2144/ide/plugins/com.nxp.mcuxpresso.tools.win32_11.9.0.202307121226/tools/bin/../lib/gcc/arm-none-eabi/12.3.1/../../../../arm-none-eabi/lib/thumb/v7e-m+dp/hard\libcr_nohost_nf.a(_cr__main.o) (_initio)
c:/nxp/mcuxpressoide_11.9.0_2144/ide/plugins/com.nxp.mcuxpresso.tools.win32_11.9.0.202307121226/tools/bin/../lib/gcc/arm-none-eabi/12.3.1/../../../../arm-none-eabi/lib/thumb/v7e-m+dp/hard\libcr_c.a(memcmp.o)
                              ./source/dcp.o (memcmp)
c:/nxp/mcuxpressoide_11.9.0_2144/ide/plugins/com.nxp.mcuxpresso.tools.win32_11.9.0.202307121226/tools/bin/../lib/gcc/arm-none-eabi/12.3.1/../../../../arm-none-eabi/lib/thumb/v7e-m+dp/hard\libcr_c.a(scanf.o)
                              ./utilities/fsl_str.o (strtoul)
c:/nxp/mcuxpressoide_11.9.0_2144/ide/plugins/com.nxp.mcuxpresso.tools.win32_11.9.0.202307121226/tools/bin/../lib/gcc/arm-none-eabi/12.3.1/../../../../arm-none-eabi/lib/thumb/v7e-m+dp/hard\libcr_c.a(setvbuf.o)
                              c:/nxp/mcuxpressoide_11.9.0_2144/ide/plugins/com.nxp.mcuxpresso.tools.win32_11.9.0.202307121226/tools/bin/../lib/gcc/arm-none-eabi/12.3.1/../../../../arm-none-eabi/lib/thumb/v7e-m+dp/hard\libcr_c.a(initio.o) (setvbuf)
c:/nxp/mcuxpressoide_11.9.0_2144/ide/plugins/com.nxp.mcuxpresso.tools.win32_11.9.0.202307121226/tools/bin/../lib/gcc/arm-none-eabi/12.3.1/../../../../arm-none-eabi/lib/thumb/v7e-m+dp/hard\libcr_c.a(strlen.o)
                              ./utilities/fsl_debug_console.o (strlen)
c:/nxp/mcuxpressoide_11.9.0_2144/ide/plugins/com.nxp.mcuxpresso.tools.win32_11.9.0.202307121226/tools/bin/../lib/gcc/arm-none-eabi/12.3.1/../../../../arm-none-eabi/lib/thumb/v7e-m+dp/hard\libcr_c.a(ungetc.o)
                              c:/nxp/mcuxpressoide_11.9.0_2144/ide/plugins/com.nxp.mcuxpresso.tools.win32_11.9.0.202307121226/tools/bin/../lib/gcc/arm-none-eabi/12.3.1/../../../../arm-none-eabi/lib/thumb/v7e-m+dp/hard\libcr_c.a(scanf.o) (ungetc)
c:/nxp/mcuxpressoide_11.9.0_2144/ide/plugins/com.nxp.mcuxpresso.tools.win32_11.9.0.202307121226/tools/bin/../lib/gcc/arm-none-eabi/12.3.1/../../../../arm-none-eabi/lib/thumb/v7e-m+dp/hard\libcr_c.a(__fillbuf.o)
                              c:/nxp/mcuxpressoide_11.9.0_2144/ide/plugins/com.nxp.mcuxpresso.tools.win32_11.9.0.202307121226/tools/bin/../lib/gcc/arm-none-eabi/12.3.1/../../../../arm-none-eabi/lib/thumb/v7e-m+dp/hard\libcr_c.a(scanf.o) (__filbuf)
c:/nxp/mcuxpressoide_11.9.0_2144/ide/plugins/com.nxp.mcuxpresso.tools.win32_11.9.0.202307121226/tools/bin/../lib/gcc/arm-none-eabi/12.3.1/../../../../arm-none-eabi/lib/thumb/v7e-m+dp/hard\libcr_c.a(__init_alloc.o)
                              c:/nxp/mcuxpressoide_11.9.0_2144/ide/plugins/com.nxp.mcuxpresso.tools.win32_11.9.0.202307121226/tools/bin/../lib/gcc/arm-none-eabi/12.3.1/../../../../arm-none-eabi/lib/thumb/v7e-m+dp/hard\libcr_c.a(alloc.o) (__heaps)
c:/nxp/mcuxpressoide_11.9.0_2144/ide/plugins/com.nxp.mcuxpresso.tools.win32_11.9.0.202307121226/tools/bin/../lib/gcc/arm-none-eabi/12.3.1/../../../../arm-none-eabi/lib/thumb/v7e-m+dp/hard\libcr_c.a(_cr_sbrk.o)
                              c:/nxp/mcuxpressoide_11.9.0_2144/ide/plugins/com.nxp.mcuxpresso.tools.win32_11.9.0.202307121226/tools/bin/../lib/gcc/arm-none-eabi/12.3.1/../../../../arm-none-eabi/lib/thumb/v7e-m+dp/hard\libcr_c.a(alloc.o) (_sbrk)
c:/nxp/mcuxpressoide_11.9.0_2144/ide/plugins/com.nxp.mcuxpresso.tools.win32_11.9.0.202307121226/tools/bin/../lib/gcc/arm-none-eabi/12.3.1/../../../../arm-none-eabi/lib/thumb/v7e-m+dp/hard\libcr_c.a(_deferredlazyseek.o)
[...]
Memory Configuration

Name             Origin             Length             Attributes
PROGRAM_FLASH    0x60000000         0x00400000         xr
SRAM_DTC         0x20000000         0x00010000         xrw
SRAM_ITC         0x00000000         0x00010000         xrw
SRAM_OC          0x20200000         0x00020000         xrw
BOARD_SDRAM      0x80000000         0x01e00000         xrw
NCACHE_REGION    0x81e00000         0x00200000         xrw
*default*        0x00000000         0xffffffff

Linker script and memory map

LOAD ./xip/evkmimxrt1024_flexspi_nor_config.o
LOAD ./xip/fsl_flexspi_nor_boot.o
LOAD ./utilities/fsl_assert.o
LOAD ./utilities/fsl_debug_console.o
LOAD ./utilities/fsl_memcpy.o
LOAD ./utilities/fsl_str.o
LOAD ./startup/startup_mimxrt1024.o
LOAD ./source/dcp.o
LOAD ./source/semihost_hardfault.o
LOAD ./drivers/fsl_cache.o
LOAD ./drivers/fsl_clock.o
LOAD ./drivers/fsl_common.o
LOAD ./drivers/fsl_common_arm.o
LOAD ./drivers/fsl_dcp.o
LOAD ./drivers/fsl_gpio.o
LOAD ./drivers/fsl_lpuart.o
LOAD ./device/system_MIMXRT1024.o
LOAD ./component/uart/fsl_adapter_lpuart.o
LOAD ./component/lists/fsl_component_generic_list.o
LOAD ./board/board.o
LOAD ./board/clock_config.o
LOAD ./board/dcd.o
LOAD ./board/pin_mux.o
START GROUP
LOAD c:/nxp/mcuxpressoide_11.9.0_2144/ide/plugins/com.nxp.mcuxpresso.tools.win32_11.9.0.202307121226/tools/bin/../lib/gcc/arm-none-eabi/12.3.1/../../../../arm-none-eabi/lib/thumb/v7e-m+dp/hard\libcr_nohost_nf.a
LOAD c:/nxp/mcuxpressoide_11.9.0_2144/ide/plugins/com.nxp.mcuxpresso.tools.win32_11.9.0.202307121226/tools/bin/../lib/gcc/arm-none-eabi/12.3.1/../../../../arm-none-eabi/lib/thumb/v7e-m+dp/hard\libcr_c.a
LOAD c:/nxp/mcuxpressoide_11.9.0_2144/ide/plugins/com.nxp.mcuxpresso.tools.win32_11.9.0.202307121226/tools/bin/../lib/gcc/arm-none-eabi/12.3.1/thumb/v7e-m+dp/hard\libcr_eabihelpers.a
LOAD c:/nxp/mcuxpressoide_11.9.0_2144/ide/plugins/com.nxp.mcuxpresso.tools.win32_11.9.0.202307121226/tools/bin/../lib/gcc/arm-none-eabi/12.3.1/thumb/v7e-m+dp/hard\libgcc.a
END GROUP
                0x60000000                        __base_PROGRAM_FLASH = 0x60000000
                0x60000000                        __base_Flash = 0x60000000
                0x60400000                        __top_PROGRAM_FLASH = 0x60400000
                0x60400000                        __top_Flash = 0x60400000
                0x20000000                        __base_SRAM_DTC = 0x20000000
                0x20000000                        __base_RAM = 0x20000000
                0x20010000                        __top_SRAM_DTC = 0x20010000
                0x20010000                        __top_RAM = 0x20010000
                0x00000000                        __base_SRAM_ITC = 0x0
                0x00000000                        __base_RAM2 = 0x0
                0x00010000                        __top_SRAM_ITC = 0x10000
                0x00010000                        __top_RAM2 = 0x10000
                0x20200000                        __base_SRAM_OC = 0x20200000
                0x20200000                        __base_RAM3 = 0x20200000
                0x20220000                        __top_SRAM_OC = 0x20220000
                0x20220000                        __top_RAM3 = 0x20220000
                0x80000000                        __base_BOARD_SDRAM = 0x80000000
                0x80000000                        __base_RAM4 = 0x80000000
                0x81e00000                        __top_BOARD_SDRAM = 0x81e00000
                0x81e00000                        __top_RAM4 = 0x81e00000
                0x81e00000                        __base_NCACHE_REGION = 0x81e00000
                0x81e00000                        __base_RAM5 = 0x81e00000
                0x82000000                        __top_NCACHE_REGION = 0x82000000
                0x82000000                        __top_RAM5 = 0x82000000

.boot_hdr       0x60000000     0x2000
 FILL mask 0xff
                0x60000000                        __boot_hdr_start__ = ABSOLUTE (.)
 *(SORT_BY_ALIGNMENT(.boot_hdr.conf))
 .boot_hdr.conf
                0x60000000      0x200 ./xip/evkmimxrt1024_flexspi_nor_config.o
                0x60000000                qspiflash_config
                0x00001000                        . = 0x1000
 *fill*         0x60000200      0xe00 ff
 *(SORT_BY_ALIGNMENT(.boot_hdr.ivt))
 .boot_hdr.ivt  0x60001000       0x20 ./xip/fsl_flexspi_nor_boot.o
                0x60001000                image_vector_table
                0x00001020                        . = 0x1020
 *(SORT_BY_ALIGNMENT(.boot_hdr.boot_data))
 .boot_hdr.boot_data
                0x60001020       0x10 ./xip/fsl_flexspi_nor_boot.o
                0x60001020                g_boot_data
                0x00001030                        . = 0x1030
 *(SORT_BY_ALIGNMENT(.boot_hdr.dcd_data))
                0x60001030                        __boot_hdr_end__ = ABSOLUTE (.)
                0x00002000                        . = 0x2000
 *fill*         0x60001030      0xfd0 ff

.text           0x60002000     0x59e4
 FILL mask 0xff
                0x60002000                        __vectors_start__ = ABSOLUTE (.)
 *(SORT_BY_ALIGNMENT(.isr_vector))
 .isr_vector    0x60002000      0x278 ./startup/startup_mimxrt1024.o
                0x60002000                g_pfnVectors
                0x60002000                __Vectors
                0x60002278                        . = ALIGN (0x4)
                0x60002278                        __section_table_start = .
                0x60002278                        __data_section_table = .
                0x60002278        0x4 LONG 0x600079e4 LOADADDR (.data)
                0x6000227c        0x4 LONG 0x20000000 ADDR (.data)
                0x60002280        0x4 LONG 0x14c SIZEOF (.data)
                0x60002284        0x4 LONG 0x600079e4 LOADADDR (.data_RAM2)
                0x60002288        0x4 LONG 0x0 ADDR (.data_RAM2)
                0x6000228c        0x4 LONG 0x0 SIZEOF (.data_RAM2)
                0x60002290        0x4 LONG 0x600079e4 LOADADDR (.data_RAM3)
                0x60002294        0x4 LONG 0x20200000 ADDR (.data_RAM3)
                0x60002298        0x4 LONG 0x0 SIZEOF (.data_RAM3)
                0x6000229c        0x4 LONG 0x600079e4 LOADADDR (.data_RAM4)
                0x600022a0        0x4 LONG 0x80000000 ADDR (.data_RAM4)
                0x600022a4        0x4 LONG 0x0 SIZEOF (.data_RAM4)
                0x600022a8        0x4 LONG 0x600079e4 LOADADDR (.data_RAM5)
                0x600022ac        0x4 LONG 0x81e00000 ADDR (.data_RAM5)
                0x600022b0        0x4 LONG 0x0 SIZEOF (.data_RAM5)
                0x600022b4                        __data_section_table_end = .
                0x600022b4                        __bss_section_table = .
                0x600022b4        0x4 LONG 0x2000014c ADDR (.bss)
                0x600022b8        0x4 LONG 0x150 SIZEOF (.bss)
                0x600022bc        0x4 LONG 0x0 ADDR (.bss_RAM2)
                0x600022c0        0x4 LONG 0x0 SIZEOF (.bss_RAM2)
                0x600022c4        0x4 LONG 0x20200000 ADDR (.bss_RAM3)
                0x600022c8        0x4 LONG 0x0 SIZEOF (.bss_RAM3)
                0x600022cc        0x4 LONG 0x80000000 ADDR (.bss_RAM4)
                0x600022d0        0x4 LONG 0x0 SIZEOF (.bss_RAM4)
                0x600022d4        0x4 LONG 0x81e00000 ADDR (.bss_RAM5)
                0x600022d8        0x4 LONG 0x0 SIZEOF (.bss_RAM5)
                0x600022dc                        __bss_section_table_end = .
                0x600022dc                        __section_table_end = .
 *(SORT_BY_ALIGNMENT(.after_vectors*))
 .after_vectors.reset
                0x600022dc       0x54 ./startup/startup_mimxrt1024.o
                0x600022dc                ResetISR
 .after_vectors.init_data
                0x60002330       0x1e ./startup/startup_mimxrt1024.o
                0x60002330                data_init
 .after_vectors.init_bss
                0x6000234e       0x12 ./startup/startup_mimxrt1024.o
                0x6000234e                bss_init
 .after_vectors
                0x60002360       0x14 ./startup/startup_mimxrt1024.o
                0x60002360                NMI_Handler
                0x60002364                MemManage_Handler
                0x60002366                BusFault_Handler
                0x60002368                UsageFault_Handler
                0x6000236a                SVC_Handler
                0x6000236c                DebugMon_Handler
                0x6000236e                PendSV_Handler
                0x60002370                SysTick_Handler
                0x60002372                Reserved102_DriverIRQHandler
                0x60002372                Reserved152_DriverIRQHandler
                0x60002372                DMA13_DMA29_DriverIRQHandler
                0x60002372                CCM_2_DriverIRQHandler
                0x60002372                LPSPI4_DriverIRQHandler
                0x60002372                SEMC_DriverIRQHandler
                0x60002372                SPDIF_DriverIRQHandler
                0x60002372                PIT_DriverIRQHandler
                0x60002372                FLEXRAM_DriverIRQHandler
                0x60002372                SAI3_RX_DriverIRQHandler
                0x60002372                USB_PHY_DriverIRQHandler
                0x60002372                GPIO3_Combined_0_15_DriverIRQHandler
                0x60002372                Reserved82_DriverIRQHandler
                0x60002372                DMA7_DMA23_DriverIRQHandler
                0x60002372                BEE_DriverIRQHandler
                0x60002372                LPI2C3_DriverIRQHandler
                0x60002372                GPR_IRQ_DriverIRQHandler
                0x60002372                Reserved103_DriverIRQHandler
                0x60002372                PWM2_FAULT_DriverIRQHandler
                0x60002372                Reserved56_DriverIRQHandler
                0x60002372                DMA14_DMA30_DriverIRQHandler
                0x60002372                TMR1_DriverIRQHandler
                0x60002372                TRNG_DriverIRQHandler
                0x60002372                ENET_1588_Timer_DriverIRQHandler
                0x60002372                GPIO2_Combined_16_31_DriverIRQHandler
                0x60002372                Reserved143_DriverIRQHandler
                0x60002372                LPSPI2_DriverIRQHandler
                0x60002372                Reserved151_DriverIRQHandler
                0x60002372                DMA0_DMA16_DriverIRQHandler
                0x60002372                IntDefaultHandler
                0x60002372                DMA2_DMA18_DriverIRQHandler
                0x60002372                SRC_DriverIRQHandler
                0x60002372                GPIO1_INT4_DriverIRQHandler
                0x60002372                Reserved144_DriverIRQHandler
                0x60002372                USDHC1_DriverIRQHandler
                0x60002372                SNVS_LP_HP_WRAPPER_DriverIRQHandler
                0x60002372                EWM_DriverIRQHandler
                0x60002372                KPP_DriverIRQHandler
                0x60002372                FLEXIO1_DriverIRQHandler
                0x60002372                ENET_DriverIRQHandler
                0x60002372                Reserved78_DriverIRQHandler
                0x60002372                ENC2_DriverIRQHandler
                0x60002372                ADC_ETC_IRQ2_DriverIRQHandler
                0x60002372                GPIO1_Combined_16_31_DriverIRQHandler
                0x60002372                GPIO1_INT7_DriverIRQHandler
                0x60002372                SAI1_DriverIRQHandler
                0x60002372                DCDC_DriverIRQHandler
                0x60002372                DMA12_DMA28_DriverIRQHandler
                0x60002372                ADC_ETC_ERROR_IRQ_DriverIRQHandler
                0x60002372                ACMP2_DriverIRQHandler
                0x60002372                GPIO5_Combined_0_15_DriverIRQHandler
                0x60002372                GPIO1_INT0_DriverIRQHandler
                0x60002372                GPIO1_INT2_DriverIRQHandler
                0x60002372                RTWDOG_DriverIRQHandler
                0x60002372                FLEXSPI_DriverIRQHandler
                0x60002372                GPT2_DriverIRQHandler
                0x60002372                DMA10_DMA26_DriverIRQHandler
                0x60002372                PWM2_1_DriverIRQHandler
                0x60002372                PWM1_1_DriverIRQHandler
                0x60002372                ADC1_DriverIRQHandler
                0x60002372                Reserved148_DriverIRQHandler
                0x60002372                PWM1_0_DriverIRQHandler
                0x60002372                DMA1_DMA17_DriverIRQHandler
                0x60002372                ENC1_DriverIRQHandler
                0x60002372                CAN2_DriverIRQHandler
                0x60002372                DCP_DriverIRQHandler
                0x60002372                CTI0_ERROR_DriverIRQHandler
                0x60002372                DMA8_DMA24_DriverIRQHandler
                0x60002372                GPT1_DriverIRQHandler
                0x60002372                ACMP3_DriverIRQHandler
                0x60002372                DMA6_DMA22_DriverIRQHandler
                0x60002372                CSU_DriverIRQHandler
                0x60002372                GPIO1_INT5_DriverIRQHandler
                0x60002372                TMR2_DriverIRQHandler
                0x60002372                CTI1_ERROR_DriverIRQHandler
                0x60002372                GPIO1_Combined_0_15_DriverIRQHandler
                0x60002372                USDHC2_DriverIRQHandler
                0x60002372                Reserved87_DriverIRQHandler
                0x60002372                SAI2_DriverIRQHandler
                0x60002372                CORE_DriverIRQHandler
                0x60002372                Reserved147_DriverIRQHandler
                0x60002372                WDOG1_DriverIRQHandler
                0x60002372                DMA11_DMA27_DriverIRQHandler
                0x60002372                PWM2_3_DriverIRQHandler
                0x60002372                Reserved60_DriverIRQHandler
                0x60002372                XBAR1_IRQ_2_3_DriverIRQHandler
                0x60002372                SNVS_HP_WRAPPER_TZ_DriverIRQHandler
                0x60002372                GPIO3_Combined_16_31_DriverIRQHandler
                0x60002372                PWM1_FAULT_DriverIRQHandler
                0x60002372                LPI2C1_DriverIRQHandler
                0x60002372                PWM2_2_DriverIRQHandler
                0x60002372                Reserved128_DriverIRQHandler
                0x60002372                DMA4_DMA20_DriverIRQHandler
                0x60002372                DMA9_DMA25_DriverIRQHandler
                0x60002372                SNVS_HP_WRAPPER_DriverIRQHandler
                0x60002372                XBAR1_IRQ_0_1_DriverIRQHandler
                0x60002372                ADC_ETC_IRQ1_DriverIRQHandler
                0x60002372                LPSPI1_DriverIRQHandler
                0x60002372                DMA3_DMA19_DriverIRQHandler
                0x60002372                GPIO1_INT3_DriverIRQHandler
                0x60002372                DCP_VMI_DriverIRQHandler
                0x60002372                LPI2C4_DriverIRQHandler
                0x60002372                GPC_DriverIRQHandler
                0x60002372                Reserved123_DriverIRQHandler
                0x60002372                GPIO2_Combined_0_15_DriverIRQHandler
                0x60002372                PWM1_2_DriverIRQHandler
                0x60002372                USB_OTG1_DriverIRQHandler
                0x60002372                TEMP_LOW_HIGH_DriverIRQHandler
                0x60002372                SAI3_TX_DriverIRQHandler
                0x60002372                WDOG2_DriverIRQHandler
                0x60002372                Reserved68_DriverIRQHandler
                0x60002372                PMU_DriverIRQHandler
                0x60002372                Reserved59_DriverIRQHandler
                0x60002372                GPIO5_Combined_16_31_DriverIRQHandler
                0x60002372                DMA5_DMA21_DriverIRQHandler
                0x60002372                CCM_1_DriverIRQHandler
                0x60002372                ADC2_DriverIRQHandler
                0x60002372                Reserved58_DriverIRQHandler
                0x60002372                Reserved115_DriverIRQHandler
                0x60002372                TEMP_PANIC_DriverIRQHandler
                0x60002372                ACMP4_DriverIRQHandler
                0x60002372                DMA15_DMA31_DriverIRQHandler
                0x60002372                Reserved107_DriverIRQHandler
                0x60002372                LPSPI3_DriverIRQHandler
                0x60002372                PWM1_3_DriverIRQHandler
                0x60002372                Reserved70_DriverIRQHandler
                0x60002372                ACMP1_DriverIRQHandler
                0x60002372                LPI2C2_DriverIRQHandler
                0x60002372                Reserved86_DriverIRQHandler
                0x60002372                DMA_ERROR_DriverIRQHandler
                0x60002372                ADC_ETC_IRQ0_DriverIRQHandler
                0x60002372                CAN1_DriverIRQHandler
                0x60002372                GPIO1_INT6_DriverIRQHandler
                0x60002372                GPIO1_INT1_DriverIRQHandler
                0x60002372                PWM2_0_DriverIRQHandler
 *(SORT_BY_ALIGNMENT(.text*))
 .text.__assertion_failed
                0x60002374       0x2c ./utilities/fsl_assert.o
                0x60002374                __assertion_failed
 .text.DbgConsole_Init
                0x600023a0       0x88 ./utilities/fsl_debug_console.o
                0x600023a0                DbgConsole_Init
 .text.DbgConsole_Vprintf
                0x60002428       0x3c ./utilities/fsl_debug_console.o
                0x60002428                DbgConsole_Vprintf
 .text.DbgConsole_Putchar
                0x60002464       0x30 ./utilities/fsl_debug_console.o
                0x60002464                DbgConsole_Putchar
 .text.DbgConsole_PrintfFormattedData
                0x60002494      0x3e0 ./utilities/fsl_debug_console.o
 .text          0x60002874       0xa0 ./utilities/fsl_memcpy.o
                0x60002874                memcpy
 .text.TestAesEcb
                0x60002914       0xb0 ./source/dcp.o
                0x60002914                TestAesEcb
 .text.TestAesCbc
                0x600029c4       0xbc ./source/dcp.o
                0x600029c4                TestAesCbc
 .text.TestSha1
                0x60002a80       0xa0 ./source/dcp.o
                0x60002a80                TestSha1
 .text.TestSha256
                0x60002b20       0xa4 ./source/dcp.o
                0x60002b20                TestSha256
 .text.TestCrc32
                0x60002bc4      0x17c ./source/dcp.o
                0x60002bc4                TestCrc32
 .text.main     0x60002d40       0x54 ./source/dcp.o
                0x60002d40                main
 .text.L1CACHE_InvalidateDCacheByRange
                0x60002d94       0x68 ./drivers/fsl_cache.o
 .text.L1CACHE_CleanDCacheByRange
                0x60002dfc       0x68 ./drivers/fsl_cache.o
 .text.CLOCK_GetOscFreq
                0x60002e64       0x30 ./drivers/fsl_clock.o
 .text.CLOCK_InitExternalClk
                0x60002e94       0x6c ./drivers/fsl_clock.o
                0x60002e94                CLOCK_InitExternalClk
 .text.CLOCK_SwitchOsc
                0x60002f00       0x34 ./drivers/fsl_clock.o
                0x60002f00                CLOCK_SwitchOsc
 .text.CLOCK_InitRcOsc24M
                0x60002f34       0x24 ./drivers/fsl_clock.o
                0x60002f34                CLOCK_InitRcOsc24M
 .text.CLOCK_InitSysPll
                0x60002f58       0x9c ./drivers/fsl_clock.o
                0x60002f58                CLOCK_InitSysPll
 .text.CLOCK_DeinitAudioPll
                0x60002ff4       0x1c ./drivers/fsl_clock.o
                0x60002ff4                CLOCK_DeinitAudioPll
 .text.CLOCK_InitEnetPll
                0x60003010       0xa4 ./drivers/fsl_clock.o
                0x60003010                CLOCK_InitEnetPll
 .text.CLOCK_GetPllFreq
                0x600030b4      0x26c ./drivers/fsl_clock.o
                0x600030b4                CLOCK_GetPllFreq
 .text.CLOCK_InitSysPfd
                0x60003320       0x64 ./drivers/fsl_clock.o
                0x60003320                CLOCK_InitSysPfd
 .text.CLOCK_ControlGate
                0x60003384       0x60 ./drivers/fsl_dcp.o
 .text.DCP_GetDefaultConfig
                0x600033e4       0x40 ./drivers/fsl_dcp.o
                0x600033e4                DCP_GetDefaultConfig
 .text.DCP_Init
                0x60003424       0x7c ./drivers/fsl_dcp.o
                0x60003424                DCP_Init
 .text.DCP_Deinit
                0x600034a0       0x30 ./drivers/fsl_dcp.o
                0x600034a0                DCP_Deinit
 .text.dcp_hash_save_running_hash
                0x600034d0       0x8c ./drivers/fsl_dcp.o
 .text.dcp_hash_restore_running_hash
                0x6000355c       0x80 ./drivers/fsl_dcp.o
 .text.DCP_HASH_Finish
                0x600035dc      0x118 ./drivers/fsl_dcp.o
                0x600035dc                DCP_HASH_Finish
 .text.CLOCK_ControlGate
                0x600036f4       0x60 ./drivers/fsl_lpuart.o
 .text.LPUART_GetInstance
                0x60003754       0x4c ./drivers/fsl_lpuart.o
                0x60003754                LPUART_GetInstance
 .text.LPUART_Init
                0x600037a0      0x320 ./drivers/fsl_lpuart.o
                0x600037a0                LPUART_Init
 .text.LPUART_GetDefaultConfig
                0x60003ac0       0x88 ./drivers/fsl_lpuart.o
                0x60003ac0                LPUART_GetDefaultConfig
 .text.LPUART_GetStatusFlags
                0x60003b48       0x38 ./drivers/fsl_lpuart.o
                0x60003b48                LPUART_GetStatusFlags
 .text.LPUART_ClearStatusFlags
                0x60003b80       0x7c ./drivers/fsl_lpuart.o
                0x60003b80                LPUART_ClearStatusFlags
 .text.LPUART_WriteBlocking
                0x60003bfc       0x68 ./drivers/fsl_lpuart.o
                0x60003bfc                LPUART_WriteBlocking
 .text.LPUART_ReadBlocking
                0x60003c64      0x160 ./drivers/fsl_lpuart.o
                0x60003c64                LPUART_ReadBlocking
 .text.LPUART1_DriverIRQHandler
                0x60003dc4       0x28 ./drivers/fsl_lpuart.o
                0x60003dc4                LPUART1_DriverIRQHandler
 .text.LPUART2_DriverIRQHandler
                0x60003dec       0x28 ./drivers/fsl_lpuart.o
                0x60003dec                LPUART2_DriverIRQHandler
 .text.LPUART3_DriverIRQHandler
                0x60003e14       0x28 ./drivers/fsl_lpuart.o
                0x60003e14                LPUART3_DriverIRQHandler
 .text.LPUART4_DriverIRQHandler
                0x60003e3c       0x28 ./drivers/fsl_lpuart.o
                0x60003e3c                LPUART4_DriverIRQHandler
 .text.LPUART5_DriverIRQHandler
                0x60003e64       0x28 ./drivers/fsl_lpuart.o
                0x60003e64                LPUART5_DriverIRQHandler
 .text.LPUART6_DriverIRQHandler
                0x60003e8c       0x28 ./drivers/fsl_lpuart.o
                0x60003e8c                LPUART6_DriverIRQHandler
 .text.LPUART7_DriverIRQHandler
                0x60003eb4       0x28 ./drivers/fsl_lpuart.o
                0x60003eb4                LPUART7_DriverIRQHandler
 .text.LPUART8_DriverIRQHandler
                0x60003edc       0x28 ./drivers/fsl_lpuart.o
                0x60003edc                LPUART8_DriverIRQHandler
 .text.SystemInit
                0x60003f04      0x1d4 ./device/system_MIMXRT1024.o
                0x60003f04                SystemInit
 .text.HAL_UartInitCommon
                0x600040d8       0xe0 ./component/uart/fsl_adapter_lpuart.o
 .text.HAL_UartInit
                0x600041b8       0x84 ./component/uart/fsl_adapter_lpuart.o
                0x600041b8                HAL_UartInit
 .text.HAL_UartReceiveBlocking
                0x6000423c       0x6c ./component/uart/fsl_adapter_lpuart.o
                0x6000423c                HAL_UartReceiveBlocking
 .text.HAL_UartSendBlocking
                0x600042a8       0x64 ./component/uart/fsl_adapter_lpuart.o
                0x600042a8                HAL_UartSendBlocking
 .text.ARM_MPU_Enable
                0x6000430c       0x44 ./board/board.o
 .text.ARM_MPU_Disable
                0x60004350       0x40 ./board/board.o
 .text.CLOCK_GetMux
                0x60004390       0x44 ./board/board.o
 .text.CLOCK_GetDiv
                0x600043d4       0x44 ./board/board.o
 .text.CLOCK_GetOscFreq
                0x60004418       0x30 ./board/board.o
 .text.BOARD_DebugConsoleSrcFreq
                0x60004448       0x64 ./board/board.o
                0x60004448                BOARD_DebugConsoleSrcFreq
 .text.BOARD_ConfigMPU
                0x600044ac      0x324 ./board/board.o
                0x600044ac                BOARD_ConfigMPU
 .text.CLOCK_SetMux
                0x600047d0       0x9c ./board/clock_config.o
 .text.CLOCK_SetDiv
                0x6000486c       0x9c ./board/clock_config.o
 .text.CLOCK_ControlGate
                0x60004908       0x60 ./board/clock_config.o
 .text.CLOCK_SetXtalFreq
                0x60004968       0x20 ./board/clock_config.o
 .text.CLOCK_SetRtcXtalFreq
                0x60004988       0x20 ./board/clock_config.o
 .text.IOMUXC_MQSConfig
                0x600049a8       0x44 ./board/clock_config.o
 .text.BOARD_BootClockRUN
                0x600049ec      0x4ec ./board/clock_config.o
                0x600049ec                BOARD_BootClockRUN
 .text.CLOCK_ControlGate
                0x60004ed8       0x60 ./board/pin_mux.o
 .text.BOARD_InitBootPins
                0x60004f38       0xcc ./board/pin_mux.o
                0x60004f38                BOARD_InitBootPins
 .text.BOARD_InitPins
                0x60005004       0x78 ./board/pin_mux.o
                0x60005004                BOARD_InitPins
 .text._initio  0x6000507c       0x78 c:/nxp/mcuxpressoide_11.9.0_2144/ide/plugins/com.nxp.mcuxpresso.tools.win32_11.9.0.202307121226/tools/bin/../lib/gcc/arm-none-eabi/12.3.1/../../../../arm-none-eabi/lib/thumb/v7e-m+dp/hard\libcr_c.a(initio.o)
                0x6000507c                _initio
 .text._Cwritebuf
                0x600050f4       0x6c c:/nxp/mcuxpressoide_11.9.0_2144/ide/plugins/com.nxp.mcuxpresso.tools.win32_11.9.0.202307121226/tools/bin/../lib/gcc/arm-none-eabi/12.3.1/../../../../arm-none-eabi/lib/thumb/v7e-m+dp/hard\libcr_c.a(_writebuf.o)
                0x600050f4                _Cwritebuf
 .text.fflush   0x60005160       0x3c c:/nxp/mcuxpressoide_11.9.0_2144/ide/plugins/com.nxp.mcuxpresso.tools.win32_11.9.0.202307121226/tools/bin/../lib/gcc/arm-none-eabi/12.3.1/../../../../arm-none-eabi/lib/thumb/v7e-m+dp/hard\libcr_c.a(fflush.o)
                0x60005160                fflush
 .text.fseek    0x6000519c       0xf8 c:/nxp/mcuxpressoide_11.9.0_2144/ide/plugins/com.nxp.mcuxpresso.tools.win32_11.9.0.202307121226/tools/bin/../lib/gcc/arm-none-eabi/12.3.1/../../../../arm-none-eabi/lib/thumb/v7e-m+dp/hard\libcr_c.a(fseek.o)
                0x6000519c                fseek
 .text.ftell    0x60005294       0x44 c:/nxp/mcuxpressoide_11.9.0_2144/ide/plugins/com.nxp.mcuxpresso.tools.win32_11.9.0.202307121226/tools/bin/../lib/gcc/arm-none-eabi/12.3.1/../../../../arm-none-eabi/lib/thumb/v7e-m+dp/hard\libcr_c.a(ftell.o)
                0x60005294                ftell
 .text.fsl_assert_hook
                0x600052d8       0x1a ./utilities/fsl_assert.o
                0x600052d8                fsl_assert_hook
 .text.DbgConsole_Printf
                0x600052f2       0x2c ./utilities/fsl_debug_console.o
                0x600052f2                DbgConsole_Printf
 .text.DbgConsole_PrintfPaddingCharacter
                0x6000531e       0x40 ./utilities/fsl_debug_console.o
 .text.DbgConsole_ConvertRadixNumToString
                0x6000535e       0xc2 ./utilities/fsl_debug_console.o
 .text.DMA0_DMA16_IRQHandler
                0x60005420        0x8 ./startup/startup_mimxrt1024.o
                0x60005420                DMA0_DMA16_IRQHandler
 .text.DMA1_DMA17_IRQHandler
                0x60005428        0x8 ./startup/startup_mimxrt1024.o
                0x60005428                DMA1_DMA17_IRQHandler
 .text.DMA2_DMA18_IRQHandler
                0x60005430        0x8 ./startup/startup_mimxrt1024.o
                0x60005430                DMA2_DMA18_IRQHandler
 .text.DMA3_DMA19_IRQHandler
                0x60005438        0x8 ./startup/startup_mimxrt1024.o
                0x60005438                DMA3_DMA19_IRQHandler
 .text.DMA4_DMA20_IRQHandler
                0x60005440        0x8 ./startup/startup_mimxrt1024.o
                0x60005440                DMA4_DMA20_IRQHandler
 .text.DMA5_DMA21_IRQHandler
                0x60005448        0x8 ./startup/startup_mimxrt1024.o
                0x60005448                DMA5_DMA21_IRQHandler
 .text.DMA6_DMA22_IRQHandler
                0x60005450        0x8 ./startup/startup_mimxrt1024.o
                0x60005450                DMA6_DMA22_IRQHandler
 .text.DMA7_DMA23_IRQHandler
                0x60005458        0x8 ./startup/startup_mimxrt1024.o
                0x60005458                DMA7_DMA23_IRQHandler
 .text.DMA8_DMA24_IRQHandler
                0x60005460        0x8 ./startup/startup_mimxrt1024.o
                0x60005460                DMA8_DMA24_IRQHandler
 .text.DMA9_DMA25_IRQHandler
                0x60005468        0x8 ./startup/startup_mimxrt1024.o
                0x60005468                DMA9_DMA25_IRQHandler
 .text.DMA10_DMA26_IRQHandler
                0x60005470        0x8 ./startup/startup_mimxrt1024.o
                0x60005470                DMA10_DMA26_IRQHandler
 .text.DMA11_DMA27_IRQHandler
                0x60005478        0x8 ./startup/startup_mimxrt1024.o
                0x60005478                DMA11_DMA27_IRQHandler
 .text.DMA12_DMA28_IRQHandler
                0x60005480        0x8 ./startup/startup_mimxrt1024.o
                0x60005480                DMA12_DMA28_IRQHandler
 .text.DMA13_DMA29_IRQHandler
                0x60005488        0x8 ./startup/startup_mimxrt1024.o
                0x60005488                DMA13_DMA29_IRQHandler
 .text.DMA14_DMA30_IRQHandler
                0x60005490        0x8 ./startup/startup_mimxrt1024.o
                0x60005490                DMA14_DMA30_IRQHandler
 .text.DMA15_DMA31_IRQHandler
                0x60005498        0x8 ./startup/startup_mimxrt1024.o
                0x60005498                DMA15_DMA31_IRQHandler
 .text.DMA_ERROR_IRQHandler
                0x600054a0        0x8 ./startup/startup_mimxrt1024.o
                0x600054a0                DMA_ERROR_IRQHandler
 .text.CTI0_ERROR_IRQHandler
                0x600054a8        0x8 ./startup/startup_mimxrt1024.o
                0x600054a8                CTI0_ERROR_IRQHandler
 .text.CTI1_ERROR_IRQHandler
                0x600054b0        0x8 ./startup/startup_mimxrt1024.o
                0x600054b0                CTI1_ERROR_IRQHandler
 .text.CORE_IRQHandler
                0x600054b8        0x8 ./startup/startup_mimxrt1024.o
                0x600054b8                CORE_IRQHandler
 .text.LPUART1_IRQHandler
                0x600054c0        0x8 ./startup/startup_mimxrt1024.o
                0x600054c0                LPUART1_IRQHandler
 .text.LPUART2_IRQHandler
                0x600054c8        0x8 ./startup/startup_mimxrt1024.o
                0x600054c8                LPUART2_IRQHandler
 .text.LPUART3_IRQHandler
                0x600054d0        0x8 ./startup/startup_mimxrt1024.o
                0x600054d0                LPUART3_IRQHandler
 .text.LPUART4_IRQHandler
                0x600054d8        0x8 ./startup/startup_mimxrt1024.o
                0x600054d8                LPUART4_IRQHandler
 .text.LPUART5_IRQHandler
                0x600054e0        0x8 ./startup/startup_mimxrt1024.o
                0x600054e0                LPUART5_IRQHandler
 .text.LPUART6_IRQHandler
                0x600054e8        0x8 ./startup/startup_mimxrt1024.o
                0x600054e8                LPUART6_IRQHandler
 .text.LPUART7_IRQHandler
                0x600054f0        0x8 ./startup/startup_mimxrt1024.o
                0x600054f0                LPUART7_IRQHandler
 .text.LPUART8_IRQHandler
                0x600054f8        0x8 ./startup/startup_mimxrt1024.o
                0x600054f8                LPUART8_IRQHandler
 .text.LPI2C1_IRQHandler
                0x60005500        0x8 ./startup/startup_mimxrt1024.o
                0x60005500                LPI2C1_IRQHandler
 .text.LPI2C2_IRQHandler
                0x60005508        0x8 ./startup/startup_mimxrt1024.o
                0x60005508                LPI2C2_IRQHandler
 .text.LPI2C3_IRQHandler
                0x60005510        0x8 ./startup/startup_mimxrt1024.o
                0x60005510                LPI2C3_IRQHandler
 .text.LPI2C4_IRQHandler
                0x60005518        0x8 ./startup/startup_mimxrt1024.o
                0x60005518                LPI2C4_IRQHandler
 .text.LPSPI1_IRQHandler
                0x60005520        0x8 ./startup/startup_mimxrt1024.o
                0x60005520                LPSPI1_IRQHandler
 .text.LPSPI2_IRQHandler
                0x60005528        0x8 ./startup/startup_mimxrt1024.o
                0x60005528                LPSPI2_IRQHandler
 .text.LPSPI3_IRQHandler
                0x60005530        0x8 ./startup/startup_mimxrt1024.o
                0x60005530                LPSPI3_IRQHandler
 .text.LPSPI4_IRQHandler
                0x60005538        0x8 ./startup/startup_mimxrt1024.o
                0x60005538                LPSPI4_IRQHandler
 .text.CAN1_IRQHandler
                0x60005540        0x8 ./startup/startup_mimxrt1024.o
                0x60005540                CAN1_IRQHandler
 .text.CAN2_IRQHandler
                0x60005548        0x8 ./startup/startup_mimxrt1024.o
                0x60005548                CAN2_IRQHandler
 .text.FLEXRAM_IRQHandler
                0x60005550        0x8 ./startup/startup_mimxrt1024.o
                0x60005550                FLEXRAM_IRQHandler
 .text.KPP_IRQHandler
                0x60005558        0x8 ./startup/startup_mimxrt1024.o
                0x60005558                KPP_IRQHandler
 .text.Reserved56_IRQHandler
                0x60005560        0x8 ./startup/startup_mimxrt1024.o
                0x60005560                Reserved56_IRQHandler
 .text.GPR_IRQ_IRQHandler
                0x60005568        0x8 ./startup/startup_mimxrt1024.o
                0x60005568                GPR_IRQ_IRQHandler
 .text.Reserved58_IRQHandler
                0x60005570        0x8 ./startup/startup_mimxrt1024.o
                0x60005570                Reserved58_IRQHandler
 .text.Reserved59_IRQHandler
                0x60005578        0x8 ./startup/startup_mimxrt1024.o
                0x60005578                Reserved59_IRQHandler
 .text.Reserved60_IRQHandler
                0x60005580        0x8 ./startup/startup_mimxrt1024.o
                0x60005580                Reserved60_IRQHandler
 .text.WDOG2_IRQHandler
                0x60005588        0x8 ./startup/startup_mimxrt1024.o
                0x60005588                WDOG2_IRQHandler
 .text.SNVS_HP_WRAPPER_IRQHandler
                0x60005590        0x8 ./startup/startup_mimxrt1024.o
                0x60005590                SNVS_HP_WRAPPER_IRQHandler
 .text.SNVS_HP_WRAPPER_TZ_IRQHandler
                0x60005598        0x8 ./startup/startup_mimxrt1024.o
                0x60005598                SNVS_HP_WRAPPER_TZ_IRQHandler
 .text.SNVS_LP_HP_WRAPPER_IRQHandler
                0x600055a0        0x8 ./startup/startup_mimxrt1024.o
                0x600055a0                SNVS_LP_HP_WRAPPER_IRQHandler
 .text.CSU_IRQHandler
                0x600055a8        0x8 ./startup/startup_mimxrt1024.o
                0x600055a8                CSU_IRQHandler
 .text.DCP_IRQHandler
                0x600055b0        0x8 ./startup/startup_mimxrt1024.o
                0x600055b0                DCP_IRQHandler
 .text.DCP_VMI_IRQHandler
                0x600055b8        0x8 ./startup/startup_mimxrt1024.o
                0x600055b8                DCP_VMI_IRQHandler
 .text.Reserved68_IRQHandler
                0x600055c0        0x8 ./startup/startup_mimxrt1024.o
                0x600055c0                Reserved68_IRQHandler
 .text.TRNG_IRQHandler
                0x600055c8        0x8 ./startup/startup_mimxrt1024.o
                0x600055c8                TRNG_IRQHandler
 .text.Reserved70_IRQHandler
                0x600055d0        0x8 ./startup/startup_mimxrt1024.o
                0x600055d0                Reserved70_IRQHandler
 .text.BEE_IRQHandler
                0x600055d8        0x8 ./startup/startup_mimxrt1024.o
                0x600055d8                BEE_IRQHandler
 .text.SAI1_IRQHandler
                0x600055e0        0x8 ./startup/startup_mimxrt1024.o
                0x600055e0                SAI1_IRQHandler
 .text.SAI2_IRQHandler
                0x600055e8        0x8 ./startup/startup_mimxrt1024.o
                0x600055e8                SAI2_IRQHandler
 .text.SAI3_RX_IRQHandler
                0x600055f0        0x8 ./startup/startup_mimxrt1024.o
                0x600055f0                SAI3_RX_IRQHandler
 .text.SAI3_TX_IRQHandler
                0x600055f8        0x8 ./startup/startup_mimxrt1024.o
                0x600055f8                SAI3_TX_IRQHandler
 .text.SPDIF_IRQHandler
                0x60005600        0x8 ./startup/startup_mimxrt1024.o
                0x60005600                SPDIF_IRQHandler
 .text.PMU_IRQHandler
                0x60005608        0x8 ./startup/startup_mimxrt1024.o
                0x60005608                PMU_IRQHandler
 .text.Reserved78_IRQHandler
                0x60005610        0x8 ./startup/startup_mimxrt1024.o
                0x60005610                Reserved78_IRQHandler
 .text.TEMP_LOW_HIGH_IRQHandler
                0x60005618        0x8 ./startup/startup_mimxrt1024.o
                0x60005618                TEMP_LOW_HIGH_IRQHandler
 .text.TEMP_PANIC_IRQHandler
                0x60005620        0x8 ./startup/startup_mimxrt1024.o
                0x60005620                TEMP_PANIC_IRQHandler
 .text.USB_PHY_IRQHandler
                0x60005628        0x8 ./startup/startup_mimxrt1024.o
                0x60005628                USB_PHY_IRQHandler
 .text.Reserved82_IRQHandler
                0x60005630        0x8 ./startup/startup_mimxrt1024.o
                0x60005630                Reserved82_IRQHandler
 .text.ADC1_IRQHandler
                0x60005638        0x8 ./startup/startup_mimxrt1024.o
                0x60005638                ADC1_IRQHandler
 .text.ADC2_IRQHandler
                0x60005640        0x8 ./startup/startup_mimxrt1024.o
                0x60005640                ADC2_IRQHandler
 .text.DCDC_IRQHandler
                0x60005648        0x8 ./startup/startup_mimxrt1024.o
                0x60005648                DCDC_IRQHandler
 .text.Reserved86_IRQHandler
                0x60005650        0x8 ./startup/startup_mimxrt1024.o
                0x60005650                Reserved86_IRQHandler
 .text.Reserved87_IRQHandler
                0x60005658        0x8 ./startup/startup_mimxrt1024.o
                0x60005658                Reserved87_IRQHandler
 .text.GPIO1_INT0_IRQHandler
                0x60005660        0x8 ./startup/startup_mimxrt1024.o
                0x60005660                GPIO1_INT0_IRQHandler
 .text.GPIO1_INT1_IRQHandler
                0x60005668        0x8 ./startup/startup_mimxrt1024.o
                0x60005668                GPIO1_INT1_IRQHandler
 .text.GPIO1_INT2_IRQHandler
                0x60005670        0x8 ./startup/startup_mimxrt1024.o
                0x60005670                GPIO1_INT2_IRQHandler
 .text.GPIO1_INT3_IRQHandler
                0x60005678        0x8 ./startup/startup_mimxrt1024.o
                0x60005678                GPIO1_INT3_IRQHandler
 .text.GPIO1_INT4_IRQHandler
                0x60005680        0x8 ./startup/startup_mimxrt1024.o
                0x60005680                GPIO1_INT4_IRQHandler
 .text.GPIO1_INT5_IRQHandler
                0x60005688        0x8 ./startup/startup_mimxrt1024.o
                0x60005688                GPIO1_INT5_IRQHandler
 .text.GPIO1_INT6_IRQHandler
                0x60005690        0x8 ./startup/startup_mimxrt1024.o
                0x60005690                GPIO1_INT6_IRQHandler
 .text.GPIO1_INT7_IRQHandler
                0x60005698        0x8 ./startup/startup_mimxrt1024.o
                0x60005698                GPIO1_INT7_IRQHandler
 .text.GPIO1_Combined_0_15_IRQHandler
                0x600056a0        0x8 ./startup/startup_mimxrt1024.o
                0x600056a0                GPIO1_Combined_0_15_IRQHandler
 .text.GPIO1_Combined_16_31_IRQHandler
                0x600056a8        0x8 ./startup/startup_mimxrt1024.o
                0x600056a8                GPIO1_Combined_16_31_IRQHandler
 .text.GPIO2_Combined_0_15_IRQHandler
                0x600056b0        0x8 ./startup/startup_mimxrt1024.o
                0x600056b0                GPIO2_Combined_0_15_IRQHandler
 .text.GPIO2_Combined_16_31_IRQHandler
                0x600056b8        0x8 ./startup/startup_mimxrt1024.o
                0x600056b8                GPIO2_Combined_16_31_IRQHandler
 .text.GPIO3_Combined_0_15_IRQHandler
                0x600056c0        0x8 ./startup/startup_mimxrt1024.o
                0x600056c0                GPIO3_Combined_0_15_IRQHandler
 .text.GPIO3_Combined_16_31_IRQHandler
                0x600056c8        0x8 ./startup/startup_mimxrt1024.o
                0x600056c8                GPIO3_Combined_16_31_IRQHandler
 .text.Reserved102_IRQHandler
                0x600056d0        0x8 ./startup/startup_mimxrt1024.o
                0x600056d0                Reserved102_IRQHandler
 .text.Reserved103_IRQHandler
                0x600056d8        0x8 ./startup/startup_mimxrt1024.o
                0x600056d8                Reserved103_IRQHandler
 .text.GPIO5_Combined_0_15_IRQHandler
                0x600056e0        0x8 ./startup/startup_mimxrt1024.o
                0x600056e0                GPIO5_Combined_0_15_IRQHandler
 .text.GPIO5_Combined_16_31_IRQHandler
                0x600056e8        0x8 ./startup/startup_mimxrt1024.o
                0x600056e8                GPIO5_Combined_16_31_IRQHandler
 .text.FLEXIO1_IRQHandler
                0x600056f0        0x8 ./startup/startup_mimxrt1024.o
                0x600056f0                FLEXIO1_IRQHandler
 .text.Reserved107_IRQHandler
                0x600056f8        0x8 ./startup/startup_mimxrt1024.o
                0x600056f8                Reserved107_IRQHandler
 .text.WDOG1_IRQHandler
                0x60005700        0x8 ./startup/startup_mimxrt1024.o
                0x60005700                WDOG1_IRQHandler
 .text.RTWDOG_IRQHandler
                0x60005708        0x8 ./startup/startup_mimxrt1024.o
                0x60005708                RTWDOG_IRQHandler
 .text.EWM_IRQHandler
                0x60005710        0x8 ./startup/startup_mimxrt1024.o
                0x60005710                EWM_IRQHandler
 .text.CCM_1_IRQHandler
                0x60005718        0x8 ./startup/startup_mimxrt1024.o
                0x60005718                CCM_1_IRQHandler
 .text.CCM_2_IRQHandler
                0x60005720        0x8 ./startup/startup_mimxrt1024.o
                0x60005720                CCM_2_IRQHandler
 .text.GPC_IRQHandler
                0x60005728        0x8 ./startup/startup_mimxrt1024.o
                0x60005728                GPC_IRQHandler
 .text.SRC_IRQHandler
                0x60005730        0x8 ./startup/startup_mimxrt1024.o
                0x60005730                SRC_IRQHandler
 .text.Reserved115_IRQHandler
                0x60005738        0x8 ./startup/startup_mimxrt1024.o
                0x60005738                Reserved115_IRQHandler
 .text.GPT1_IRQHandler
                0x60005740        0x8 ./startup/startup_mimxrt1024.o
                0x60005740                GPT1_IRQHandler
 .text.GPT2_IRQHandler
                0x60005748        0x8 ./startup/startup_mimxrt1024.o
                0x60005748                GPT2_IRQHandler
 .text.PWM1_0_IRQHandler
                0x60005750        0x8 ./startup/startup_mimxrt1024.o
                0x60005750                PWM1_0_IRQHandler
 .text.PWM1_1_IRQHandler
                0x60005758        0x8 ./startup/startup_mimxrt1024.o
                0x60005758                PWM1_1_IRQHandler
 .text.PWM1_2_IRQHandler
                0x60005760        0x8 ./startup/startup_mimxrt1024.o
                0x60005760                PWM1_2_IRQHandler
 .text.PWM1_3_IRQHandler
                0x60005768        0x8 ./startup/startup_mimxrt1024.o
                0x60005768                PWM1_3_IRQHandler
 .text.PWM1_FAULT_IRQHandler
                0x60005770        0x8 ./startup/startup_mimxrt1024.o
                0x60005770                PWM1_FAULT_IRQHandler
 .text.Reserved123_IRQHandler
                0x60005778        0x8 ./startup/startup_mimxrt1024.o
                0x60005778                Reserved123_IRQHandler
 .text.FLEXSPI_IRQHandler
                0x60005780        0x8 ./startup/startup_mimxrt1024.o
                0x60005780                FLEXSPI_IRQHandler
 .text.SEMC_IRQHandler
                0x60005788        0x8 ./startup/startup_mimxrt1024.o
                0x60005788                SEMC_IRQHandler
 .text.USDHC1_IRQHandler
                0x60005790        0x8 ./startup/startup_mimxrt1024.o
                0x60005790                USDHC1_IRQHandler
 .text.USDHC2_IRQHandler
                0x60005798        0x8 ./startup/startup_mimxrt1024.o
                0x60005798                USDHC2_IRQHandler
 .text.Reserved128_IRQHandler
                0x600057a0        0x8 ./startup/startup_mimxrt1024.o
                0x600057a0                Reserved128_IRQHandler
 .text.USB_OTG1_IRQHandler
                0x600057a8        0x8 ./startup/startup_mimxrt1024.o
                0x600057a8                USB_OTG1_IRQHandler
 .text.ENET_IRQHandler
                0x600057b0        0x8 ./startup/startup_mimxrt1024.o
                0x600057b0                ENET_IRQHandler
 .text.ENET_1588_Timer_IRQHandler
                0x600057b8        0x8 ./startup/startup_mimxrt1024.o
                0x600057b8                ENET_1588_Timer_IRQHandler
 .text.XBAR1_IRQ_0_1_IRQHandler
                0x600057c0        0x8 ./startup/startup_mimxrt1024.o
                0x600057c0                XBAR1_IRQ_0_1_IRQHandler
 .text.XBAR1_IRQ_2_3_IRQHandler
                0x600057c8        0x8 ./startup/startup_mimxrt1024.o
                0x600057c8                XBAR1_IRQ_2_3_IRQHandler
 .text.ADC_ETC_IRQ0_IRQHandler
                0x600057d0        0x8 ./startup/startup_mimxrt1024.o
                0x600057d0                ADC_ETC_IRQ0_IRQHandler
 .text.ADC_ETC_IRQ1_IRQHandler
                0x600057d8        0x8 ./startup/startup_mimxrt1024.o
                0x600057d8                ADC_ETC_IRQ1_IRQHandler
 .text.ADC_ETC_IRQ2_IRQHandler
                0x600057e0        0x8 ./startup/startup_mimxrt1024.o
                0x600057e0                ADC_ETC_IRQ2_IRQHandler
 .text.ADC_ETC_ERROR_IRQ_IRQHandler
                0x600057e8        0x8 ./startup/startup_mimxrt1024.o
                0x600057e8                ADC_ETC_ERROR_IRQ_IRQHandler
 .text.PIT_IRQHandler
                0x600057f0        0x8 ./startup/startup_mimxrt1024.o
                0x600057f0                PIT_IRQHandler
 .text.ACMP1_IRQHandler
                0x600057f8        0x8 ./startup/startup_mimxrt1024.o
                0x600057f8                ACMP1_IRQHandler
 .text.ACMP2_IRQHandler
                0x60005800        0x8 ./startup/startup_mimxrt1024.o
                0x60005800                ACMP2_IRQHandler
 .text.ACMP3_IRQHandler
                0x60005808        0x8 ./startup/startup_mimxrt1024.o
                0x60005808                ACMP3_IRQHandler
 .text.ACMP4_IRQHandler
                0x60005810        0x8 ./startup/startup_mimxrt1024.o
                0x60005810                ACMP4_IRQHandler
 .text.Reserved143_IRQHandler
                0x60005818        0x8 ./startup/startup_mimxrt1024.o
                0x60005818                Reserved143_IRQHandler
 .text.Reserved144_IRQHandler
                0x60005820        0x8 ./startup/startup_mimxrt1024.o
                0x60005820                Reserved144_IRQHandler
 .text.ENC1_IRQHandler
                0x60005828        0x8 ./startup/startup_mimxrt1024.o
                0x60005828                ENC1_IRQHandler
 .text.ENC2_IRQHandler
                0x60005830        0x8 ./startup/startup_mimxrt1024.o
                0x60005830                ENC2_IRQHandler
 .text.Reserved147_IRQHandler
                0x60005838        0x8 ./startup/startup_mimxrt1024.o
                0x60005838                Reserved147_IRQHandler
 .text.Reserved148_IRQHandler
                0x60005840        0x8 ./startup/startup_mimxrt1024.o
                0x60005840                Reserved148_IRQHandler
 .text.TMR1_IRQHandler
                0x60005848        0x8 ./startup/startup_mimxrt1024.o
                0x60005848                TMR1_IRQHandler
 .text.TMR2_IRQHandler
                0x60005850        0x8 ./startup/startup_mimxrt1024.o
                0x60005850                TMR2_IRQHandler
 .text.Reserved151_IRQHandler
                0x60005858        0x8 ./startup/startup_mimxrt1024.o
                0x60005858                Reserved151_IRQHandler
 .text.Reserved152_IRQHandler
                0x60005860        0x8 ./startup/startup_mimxrt1024.o
                0x60005860                Reserved152_IRQHandler
 .text.PWM2_0_IRQHandler
                0x60005868        0x8 ./startup/startup_mimxrt1024.o
                0x60005868                PWM2_0_IRQHandler
 .text.PWM2_1_IRQHandler
                0x60005870        0x8 ./startup/startup_mimxrt1024.o
                0x60005870                PWM2_1_IRQHandler
 .text.PWM2_2_IRQHandler
                0x60005878        0x8 ./startup/startup_mimxrt1024.o
                0x60005878                PWM2_2_IRQHandler
 .text.PWM2_3_IRQHandler
                0x60005880        0x8 ./startup/startup_mimxrt1024.o
                0x60005880                PWM2_3_IRQHandler
 .text.PWM2_FAULT_IRQHandler
                0x60005888        0x8 ./startup/startup_mimxrt1024.o
                0x60005888                PWM2_FAULT_IRQHandler
 .text.HardFault_Handler
                0x60005890       0x36 ./source/semihost_hardfault.o
                0x60005890                HardFault_Handler
 .text.DCACHE_InvalidateByRange
                0x600058c6       0x1a ./drivers/fsl_cache.o
                0x600058c6                DCACHE_InvalidateByRange
 .text.DCACHE_CleanByRange
                0x600058e0       0x1a ./drivers/fsl_cache.o
                0x600058e0                DCACHE_CleanByRange
 .text.CLOCK_IsPllBypassed
                0x600058fa       0x32 ./drivers/fsl_clock.o
 .text.CLOCK_IsPllEnabled
                0x6000592c       0x3c ./drivers/fsl_clock.o
 .text.CLOCK_GetPllBypassRefClk
                0x60005968       0x34 ./drivers/fsl_clock.o
 .text._SDK_AtomicLocalClearAndSet4Byte
                0x6000599c       0x50 ./drivers/fsl_dcp.o
 .text.CLOCK_EnableClock
                0x600059ec       0x1e ./drivers/fsl_dcp.o
 .text.CLOCK_DisableClock
                0x60005a0a       0x1e ./drivers/fsl_dcp.o
 .text.DisableGlobalIRQ
                0x60005a28       0x22 ./drivers/fsl_dcp.o
 .text.EnableGlobalIRQ
                0x60005a4a       0x20 ./drivers/fsl_dcp.o
 .text.dcp_reverse_and_copy
                0x60005a6a       0x44 ./drivers/fsl_dcp.o
 .text.DCP_FindCacheLine
                0x60005aae       0x28 ./drivers/fsl_dcp.o
 .text.dcp_get_channel_status
                0x60005ad6       0xb8 ./drivers/fsl_dcp.o
 .text.dcp_clear_status
                0x60005b8e       0x30 ./drivers/fsl_dcp.o
 .text.dcp_clear_channel_status
                0x60005bbe       0x76 ./drivers/fsl_dcp.o
 .text.dcp_aes_set_sram_based_key
                0x60005c34       0x52 ./drivers/fsl_dcp.o
 .text.dcp_schedule_work
                0x60005c86       0xfe ./drivers/fsl_dcp.o
 .text.DCP_AES_SetKey
                0x60005d84       0xa0 ./drivers/fsl_dcp.o
                0x60005d84                DCP_AES_SetKey
 .text.DCP_AES_EncryptEcb
                0x60005e24       0x6c ./drivers/fsl_dcp.o
                0x60005e24                DCP_AES_EncryptEcb
 .text.DCP_AES_EncryptEcbNonBlocking
                0x60005e90       0xbe ./drivers/fsl_dcp.o
                0x60005e90                DCP_AES_EncryptEcbNonBlocking
 .text.DCP_AES_DecryptEcb
                0x60005f4e       0x6c ./drivers/fsl_dcp.o
                0x60005f4e                DCP_AES_DecryptEcb
 .text.DCP_AES_DecryptEcbNonBlocking
                0x60005fba       0xbe ./drivers/fsl_dcp.o
                0x60005fba                DCP_AES_DecryptEcbNonBlocking
 .text.DCP_AES_EncryptCbc
                0x60006078       0x70 ./drivers/fsl_dcp.o
                0x60006078                DCP_AES_EncryptCbc
 .text.DCP_AES_EncryptCbcNonBlocking
                0x600060e8       0xf4 ./drivers/fsl_dcp.o
                0x600060e8                DCP_AES_EncryptCbcNonBlocking
 .text.DCP_AES_DecryptCbc
                0x600061dc       0x70 ./drivers/fsl_dcp.o
                0x600061dc                DCP_AES_DecryptCbc
 .text.DCP_AES_DecryptCbcNonBlocking
                0x6000624c       0xf4 ./drivers/fsl_dcp.o
                0x6000624c                DCP_AES_DecryptCbcNonBlocking
 .text.DCP_WaitForChannelComplete
                0x60006340       0x56 ./drivers/fsl_dcp.o
                0x60006340                DCP_WaitForChannelComplete
 .text.dcp_hash_check_input_alg
                0x60006396       0x2e ./drivers/fsl_dcp.o
 .text.dcp_hash_check_input_args
                0x600063c4       0x3a ./drivers/fsl_dcp.o
 .text.dcp_hash_check_context
                0x600063fe       0x36 ./drivers/fsl_dcp.o
 .text.dcp_hash_engine_init
                0x60006434       0x48 ./drivers/fsl_dcp.o
 .text.dcp_hash_update_non_blocking
                0x6000647c       0xd4 ./drivers/fsl_dcp.o
 .text.dcp_hash_update
                0x60006550       0x6e ./drivers/fsl_dcp.o
 .text.dcp_hash_process_message_data
                0x600065be       0xb8 ./drivers/fsl_dcp.o
 .text.dcp_hash_finalize
                0x60006676       0x36 ./drivers/fsl_dcp.o
 .text.DCP_HASH_Init
                0x600066ac       0x80 ./drivers/fsl_dcp.o
                0x600066ac                DCP_HASH_Init
 .text.DCP_HASH_Update
                0x6000672c       0xdc ./drivers/fsl_dcp.o
                0x6000672c                DCP_HASH_Update
 .text.DCP_HASH
                0x60006808       0xde ./drivers/fsl_dcp.o
                0x60006808                DCP_HASH
 .text._SDK_AtomicLocalClearAndSet4Byte
                0x600068e6       0x50 ./drivers/fsl_lpuart.o
 .text.CLOCK_EnableClock
                0x60006936       0x1e ./drivers/fsl_lpuart.o
 .text.LPUART_SoftwareReset
                0x60006954       0x2c ./drivers/fsl_lpuart.o
 .text.SystemInitHook
                0x60006980        0xe ./device/system_MIMXRT1024.o
                0x60006980                SystemInitHook
 .text.HAL_UartGetStatus
                0x6000698e       0x28 ./component/uart/fsl_adapter_lpuart.o
 .text.BOARD_InitDebugConsole
                0x600069b6       0x22 ./board/board.o
                0x600069b6                BOARD_InitDebugConsole
 .text._SDK_AtomicLocalClearAndSet4Byte
                0x600069d8       0x50 ./board/clock_config.o
 .text.CLOCK_DisableClock
                0x60006a28       0x1e ./board/clock_config.o
 .text.CLOCK_SetPllBypass
                0x60006a46       0x4e ./board/clock_config.o
 .text.IOMUXC_SetSaiMClkClockSource
                0x60006a94       0x6c ./board/clock_config.o
 .text.BOARD_InitBootClocks
                0x60006b00        0xc ./board/clock_config.o
                0x60006b00                BOARD_InitBootClocks
 .text._SDK_AtomicLocalClearAndSet4Byte
                0x60006b0c       0x50 ./board/pin_mux.o
 .text.CLOCK_EnableClock
                0x60006b5c       0x1e ./board/pin_mux.o
 .text.IOMUXC_SetPinMux
                0x60006b7a       0x3a ./board/pin_mux.o
 .text.IOMUXC_SetPinConfig
                0x60006bb4       0x26 ./board/pin_mux.o
 .text.__main   0x60006bda        0xe c:/nxp/mcuxpressoide_11.9.0_2144/ide/plugins/com.nxp.mcuxpresso.tools.win32_11.9.0.202307121226/tools/bin/../lib/gcc/arm-none-eabi/12.3.1/../../../../arm-none-eabi/lib/thumb/v7e-m+dp/hard\libcr_nohost_nf.a(_cr__main.o)
                0x60006bda                __main
 .text.memset   0x60006be8        0x4 c:/nxp/mcuxpressoide_11.9.0_2144/ide/plugins/com.nxp.mcuxpresso.tools.win32_11.9.0.202307121226/tools/bin/../lib/gcc/arm-none-eabi/12.3.1/../../../../arm-none-eabi/lib/thumb/v7e-m+dp/hard\libcr_c.a(memset.o)
                0x60006be8                memset
 .text.free     0x60006bec       0x30 c:/nxp/mcuxpressoide_11.9.0_2144/ide/plugins/com.nxp.mcuxpresso.tools.win32_11.9.0.202307121226/tools/bin/../lib/gcc/arm-none-eabi/12.3.1/../../../../arm-none-eabi/lib/thumb/v7e-m+dp/hard\libcr_c.a(alloc.o)
                0x60006bec                free
 .text.memcmp   0x60006c1c       0x40 c:/nxp/mcuxpressoide_11.9.0_2144/ide/plugins/com.nxp.mcuxpresso.tools.win32_11.9.0.202307121226/tools/bin/../lib/gcc/arm-none-eabi/12.3.1/../../../../arm-none-eabi/lib/thumb/v7e-m+dp/hard\libcr_c.a(memcmp.o)
                0x60006c1c                memcmp
 .text.setvbuf  0x60006c5c       0x3e c:/nxp/mcuxpressoide_11.9.0_2144/ide/plugins/com.nxp.mcuxpresso.tools.win32_11.9.0.202307121226/tools/bin/../lib/gcc/arm-none-eabi/12.3.1/../../../../arm-none-eabi/lib/thumb/v7e-m+dp/hard\libcr_c.a(setvbuf.o)
                0x60006c5c                setvbuf
 .text.strlen   0x60006c9a       0x4e c:/nxp/mcuxpressoide_11.9.0_2144/ide/plugins/com.nxp.mcuxpresso.tools.win32_11.9.0.202307121226/tools/bin/../lib/gcc/arm-none-eabi/12.3.1/../../../../arm-none-eabi/lib/thumb/v7e-m+dp/hard\libcr_c.a(strlen.o)
                0x60006c9a                strlen
 .text._deferredlazyseek
                0x60006ce8       0x40 c:/nxp/mcuxpressoide_11.9.0_2144/ide/plugins/com.nxp.mcuxpresso.tools.win32_11.9.0.202307121226/tools/bin/../lib/gcc/arm-none-eabi/12.3.1/../../../../arm-none-eabi/lib/thumb/v7e-m+dp/hard\libcr_c.a(_deferredlazyseek.o)
                0x60006ce8                _deferredlazyseek
 .text._fdopen  0x60006d28       0x68 c:/nxp/mcuxpressoide_11.9.0_2144/ide/plugins/com.nxp.mcuxpresso.tools.win32_11.9.0.202307121226/tools/bin/../lib/gcc/arm-none-eabi/12.3.1/../../../../arm-none-eabi/lib/thumb/v7e-m+dp/hard\libcr_c.a(_fdopen.o)
                0x60006d28                _fdopen
 .text._fflush  0x60006d90       0x52 c:/nxp/mcuxpressoide_11.9.0_2144/ide/plugins/com.nxp.mcuxpresso.tools.win32_11.9.0.202307121226/tools/bin/../lib/gcc/arm-none-eabi/12.3.1/../../../../arm-none-eabi/lib/thumb/v7e-m+dp/hard\libcr_c.a(_fflush.o)
                0x60006d90                _fflush
 .text.fclose   0x60006de2       0x58 c:/nxp/mcuxpressoide_11.9.0_2144/ide/plugins/com.nxp.mcuxpresso.tools.win32_11.9.0.202307121226/tools/bin/../lib/gcc/arm-none-eabi/12.3.1/../../../../arm-none-eabi/lib/thumb/v7e-m+dp/hard\libcr_c.a(fclose.o)
                0x60006de2                fclose
 .text.remove   0x60006e3a       0x14 c:/nxp/mcuxpressoide_11.9.0_2144/ide/plugins/com.nxp.mcuxpresso.tools.win32_11.9.0.202307121226/tools/bin/../lib/gcc/arm-none-eabi/12.3.1/../../../../arm-none-eabi/lib/thumb/v7e-m+dp/hard\libcr_c.a(remove.o)
                0x60006e3a                remove
 .text._do_fflush
                0x60006e4e       0x40 c:/nxp/mcuxpressoide_11.9.0_2144/ide/plugins/com.nxp.mcuxpresso.tools.win32_11.9.0.202307121226/tools/bin/../lib/gcc/arm-none-eabi/12.3.1/../../../../arm-none-eabi/lib/thumb/v7e-m+dp/hard\libcr_c.a(_do_fflush.o)
                0x60006e4e                _do_fflush
 .text.__aeabi_memset_lowlevel
                0x60006e8e       0x32 c:/nxp/mcuxpressoide_11.9.0_2144/ide/plugins/com.nxp.mcuxpresso.tools.win32_11.9.0.202307121226/tools/bin/../lib/gcc/arm-none-eabi/12.3.1/thumb/v7e-m+dp/hard\libcr_eabihelpers.a(memcpy.o)
                0x60006e8e                __aeabi_lowlevel_memset
 .text.__sys_close
                0x60006ec0        0x6 c:/nxp/mcuxpressoide_11.9.0_2144/ide/plugins/com.nxp.mcuxpresso.tools.win32_11.9.0.202307121226/tools/bin/../lib/gcc/arm-none-eabi/12.3.1/../../../../arm-none-eabi/lib/thumb/v7e-m+dp/hard\libcr_nohost_nf.a(__sys_close.o)
                0x60006ec0                __sys_close
 .text.__sys_flen
                0x60006ec6        0x6 c:/nxp/mcuxpressoide_11.9.0_2144/ide/plugins/com.nxp.mcuxpresso.tools.win32_11.9.0.202307121226/tools/bin/../lib/gcc/arm-none-eabi/12.3.1/../../../../arm-none-eabi/lib/thumb/v7e-m+dp/hard\libcr_nohost_nf.a(__sys_flen.o)
                0x60006ec6                __sys_flen
 .text.__sys_istty
                0x60006ecc        0x6 c:/nxp/mcuxpressoide_11.9.0_2144/ide/plugins/com.nxp.mcuxpresso.tools.win32_11.9.0.202307121226/tools/bin/../lib/gcc/arm-none-eabi/12.3.1/../../../../arm-none-eabi/lib/thumb/v7e-m+dp/hard\libcr_nohost_nf.a(__sys_istty.o)
                0x60006ecc                __sys_istty
 .text.__sys_remove
                0x60006ed2        0x6 c:/nxp/mcuxpressoide_11.9.0_2144/ide/plugins/com.nxp.mcuxpresso.tools.win32_11.9.0.202307121226/tools/bin/../lib/gcc/arm-none-eabi/12.3.1/../../../../arm-none-eabi/lib/thumb/v7e-m+dp/hard\libcr_nohost_nf.a(__sys_remove.o)
                0x60006ed2                __sys_remove
 .text.__sys_seek
                0x60006ed8        0x6 c:/nxp/mcuxpressoide_11.9.0_2144/ide/plugins/com.nxp.mcuxpresso.tools.win32_11.9.0.202307121226/tools/bin/../lib/gcc/arm-none-eabi/12.3.1/../../../../arm-none-eabi/lib/thumb/v7e-m+dp/hard\libcr_nohost_nf.a(__sys_seek.o)
                0x60006ed8                __sys_seek
 .text.__sys_tmpnam
                0x60006ede        0x6 c:/nxp/mcuxpressoide_11.9.0_2144/ide/plugins/com.nxp.mcuxpresso.tools.win32_11.9.0.202307121226/tools/bin/../lib/gcc/arm-none-eabi/12.3.1/../../../../arm-none-eabi/lib/thumb/v7e-m+dp/hard\libcr_nohost_nf.a(__sys_tmpnam.o)
                0x60006ede                __sys_tmpnam
 .text.__sys_write
                0x60006ee4        0x4 c:/nxp/mcuxpressoide_11.9.0_2144/ide/plugins/com.nxp.mcuxpresso.tools.win32_11.9.0.202307121226/tools/bin/../lib/gcc/arm-none-eabi/12.3.1/../../../../arm-none-eabi/lib/thumb/v7e-m+dp/hard\libcr_nohost_nf.a(__sys_write.o)
                0x60006ee4                __sys_write
 *(SORT_BY_ALIGNMENT(.rodata) SORT_BY_ALIGNMENT(.rodata.*) SORT_BY_ALIGNMENT(.constdata) SORT_BY_ALIGNMENT(.constdata.*))
 .rodata.keyAes128.15
                0x60006ee8       0x10 ./source/dcp.o
 .rodata.keyAes128.12
                0x60006ef8       0x10 ./source/dcp.o
 .rodata.__assertion_failed.str1.4
                0x60006f08       0x14 ./utilities/fsl_assert.o
 .rodata.TestAesEcb.str1.4
                0x60006f1c       0x1c ./source/dcp.o
 .rodata.TestAesCbc.str1.4
                0x60006f38       0x14 ./source/dcp.o
 .rodata.TestSha1.str1.4
                0x60006f4c       0x12 ./source/dcp.o
 *fill*         0x60006f5e        0x2 ff
 .rodata.TestSha256.str1.4
                0x60006f60       0x14 ./source/dcp.o
 .rodata.TestCrc32.str1.4
                0x60006f74       0x13 ./source/dcp.o
 *fill*         0x60006f87        0x1 ff
 .rodata.main.str1.4
                0x60006f88       0x17 ./source/dcp.o
 *fill*         0x60006f9f        0x1 ff
 .rodata.plainAes128.14
                0x60006fa0       0x10 ./source/dcp.o
 .rodata.cipherAes128.13
                0x60006fb0       0x10 ./source/dcp.o
 .rodata.plainAes128.11
                0x60006fc0       0x10 ./source/dcp.o
 .rodata.ive.10
                0x60006fd0       0x10 ./source/dcp.o
 .rodata.cipherAes128.9
                0x60006fe0       0x10 ./source/dcp.o
 .rodata.message.8
                0x60006ff0       0x39 ./source/dcp.o
 *fill*         0x60007029        0x3 ff
 .rodata.sha1.7
                0x6000702c       0x14 ./source/dcp.o
 .rodata.message.6
                0x60007040      0x161 ./source/dcp.o
 *fill*         0x600071a1        0x3 ff
 .rodata.sha256.5
                0x600071a4       0x20 ./source/dcp.o
 .rodata.message_32.4
                0x600071c4       0x21 ./source/dcp.o
 *fill*         0x600071e5        0x3 ff
 .rodata.crc32_32.3
                0x600071e8        0x4 ./source/dcp.o
 .rodata.message_256.2
                0x600071ec      0x104 ./source/dcp.o
 .rodata.crc32_256.1
                0x600072f0        0x4 ./source/dcp.o
 .rodata.crc32_260.0
                0x600072f4        0x4 ./source/dcp.o
 .rodata.CLOCK_InitExternalClk.str1.4
                0x600072f8       0x21 ./drivers/fsl_clock.o
 *fill*         0x60007319        0x3 ff
 .rodata.CLOCK_GetPllFreq.str1.4
                0x6000731c       0x30 ./drivers/fsl_clock.o
 .rodata.enetRefClkFreq.0
                0x6000734c       0x10 ./drivers/fsl_clock.o
 .rodata        0x6000735c       0x25 ./drivers/fsl_dcp.o
 *fill*         0x60007381        0x3 ff
 .rodata.CLOCK_ControlGate.str1.4
                0x60007384       0x20 ./drivers/fsl_lpuart.o
 .rodata.s_lpuartBases
                0x600073a4       0x24 ./drivers/fsl_lpuart.o
 .rodata.s_lpuartClock
                0x600073c8       0x12 ./drivers/fsl_lpuart.o
 *fill*         0x600073da        0x2 ff
 .rodata.LPUART_GetInstance.str1.4
                0x600073dc       0x38 ./drivers/fsl_lpuart.o
 .rodata.LPUART_Init.str1.4
                0x60007414      0x10a ./drivers/fsl_lpuart.o
 *fill*         0x6000751e        0x2 ff
 .rodata.LPUART_GetDefaultConfig.str1.4
                0x60007520       0x22 ./drivers/fsl_lpuart.o
 *fill*         0x60007542        0x2 ff
 .rodata.LPUART_WriteBlocking.str1.4
                0x60007544       0x21 ./drivers/fsl_lpuart.o
 *fill*         0x60007565        0x3 ff
 .rodata.LPUART_ReadBlocking.str1.4
                0x60007568       0x21 ./drivers/fsl_lpuart.o
 *fill*         0x60007589        0x3 ff
 .rodata.s_LpuartAdapterBase
                0x6000758c       0x24 ./component/uart/fsl_adapter_lpuart.o
 .rodata.HAL_UartInit.str1.4
                0x600075b0      0x116 ./component/uart/fsl_adapter_lpuart.o
 *fill*         0x600076c6        0x2 ff
 .rodata.HAL_UartReceiveBlocking.str1.4
                0x600076c8       0x7b ./component/uart/fsl_adapter_lpuart.o
 *fill*         0x60007743        0x1 ff
 .rodata.HAL_UartSendBlocking.str1.4
                0x60007744       0x7b ./component/uart/fsl_adapter_lpuart.o
 *fill*         0x600077bf        0x1 ff
 .rodata.BOARD_ConfigMPU.str1.4
                0x600077c0       0x69 ./board/board.o
 *fill*         0x60007829        0x3 ff
 .rodata.CLOCK_SetMux.str1.4
                0x6000782c       0x8b ./board/clock_config.o
 *fill*         0x600078b7        0x1 ff
 .rodata.CLOCK_SetDiv.str1.4
                0x600078b8       0x8b ./board/clock_config.o
 *fill*         0x60007943        0x1 ff
 .rodata.CLOCK_ControlGate.str1.4
                0x60007944       0x7a ./board/clock_config.o
 *fill*         0x600079be        0x2 ff
 .rodata.sysPllConfig_BOARD_BootClockRUN
                0x600079c0       0x14 ./board/clock_config.o
                0x600079c0                sysPllConfig_BOARD_BootClockRUN
 .rodata.enetPllConfig_BOARD_BootClockRUN
                0x600079d4        0x5 ./board/clock_config.o
                0x600079d4                enetPllConfig_BOARD_BootClockRUN
 .rodata.CLOCK_ControlGate.str1.4
                0x600079d9       0x7a ./board/pin_mux.o
 *fill*         0x600079d9        0x3 ff
 .rodata.__num_Ciob_streams
                0x600079dc        0x4 c:/nxp/mcuxpressoide_11.9.0_2144/ide/plugins/com.nxp.mcuxpresso.tools.win32_11.9.0.202307121226/tools/bin/../lib/gcc/arm-none-eabi/12.3.1/../../../../arm-none-eabi/lib/thumb/v7e-m+dp/hard\libcr_nohost_nf.a(__ciob.o)
                0x600079dc                __num_Ciob_streams
 .rodata._initio.str1.1
                0x600079e0        0x4 c:/nxp/mcuxpressoide_11.9.0_2144/ide/plugins/com.nxp.mcuxpresso.tools.win32_11.9.0.202307121226/tools/bin/../lib/gcc/arm-none-eabi/12.3.1/../../../../arm-none-eabi/lib/thumb/v7e-m+dp/hard\libcr_c.a(initio.o)
                0x600079e4                        . = ALIGN (0x4)

.glue_7         0x600079e4        0x0
 .glue_7        0x600079e4        0x0 linker stubs

.glue_7t        0x600079e4        0x0
 .glue_7t       0x600079e4        0x0 linker stubs

.vfp11_veneer   0x600079e4        0x0
 .vfp11_veneer  0x600079e4        0x0 linker stubs

.v4_bx          0x600079e4        0x0
 .v4_bx         0x600079e4        0x0 linker stubs

.iplt           0x600079e4        0x0
 .iplt          0x600079e4        0x0 ./xip/fsl_flexspi_nor_boot.o

.rel.dyn        0x600079e4        0x0
 .rel.iplt      0x600079e4        0x0 ./xip/fsl_flexspi_nor_boot.o

.ARM.extab
 *(SORT_BY_ALIGNMENT(.ARM.extab*) SORT_BY_ALIGNMENT(.gnu.linkonce.armextab.*))

.ARM.exidx      0x600079e4        0x0
                0x600079e4                        __exidx_start = .
 *(SORT_BY_ALIGNMENT(.ARM.exidx*) SORT_BY_ALIGNMENT(.gnu.linkonce.armexidx.*))
                0x600079e4                        __exidx_end = .
                0x600079e4                        _etext = .

.data_RAM2      0x00000000        0x0 load address 0x600079e4
 FILL mask 0xff
                [!provide]                        PROVIDE (__start_data_RAM2 = .)
                [!provide]                        PROVIDE (__start_data_SRAM_ITC = .)
 *(SORT_BY_ALIGNMENT(.ramfunc.$RAM2))
 *(SORT_BY_ALIGNMENT(.ramfunc.$SRAM_ITC))
 *(SORT_BY_ALIGNMENT(.data.$RAM2))
 *(SORT_BY_ALIGNMENT(.data.$SRAM_ITC))
 *(SORT_BY_ALIGNMENT(.data.$RAM2.*))
 *(SORT_BY_ALIGNMENT(.data.$SRAM_ITC.*))
                0x00000000                        . = ALIGN (0x4)
                [!provide]                        PROVIDE (__end_data_RAM2 = .)
                [!provide]                        PROVIDE (__end_data_SRAM_ITC = .)

.data_RAM3      0x20200000        0x0 load address 0x600079e4
 FILL mask 0xff
                [!provide]                        PROVIDE (__start_data_RAM3 = .)
                [!provide]                        PROVIDE (__start_data_SRAM_OC = .)
 *(SORT_BY_ALIGNMENT(.ramfunc.$RAM3))
 *(SORT_BY_ALIGNMENT(.ramfunc.$SRAM_OC))
 *(SORT_BY_ALIGNMENT(.data.$RAM3))
 *(SORT_BY_ALIGNMENT(.data.$SRAM_OC))
 *(SORT_BY_ALIGNMENT(.data.$RAM3.*))
 *(SORT_BY_ALIGNMENT(.data.$SRAM_OC.*))
                0x20200000                        . = ALIGN (0x4)
                [!provide]                        PROVIDE (__end_data_RAM3 = .)
                [!provide]                        PROVIDE (__end_data_SRAM_OC = .)

.data_RAM4      0x80000000        0x0 load address 0x600079e4
 FILL mask 0xff
                [!provide]                        PROVIDE (__start_data_RAM4 = .)
                [!provide]                        PROVIDE (__start_data_BOARD_SDRAM = .)
 *(SORT_BY_ALIGNMENT(.ramfunc.$RAM4))
 *(SORT_BY_ALIGNMENT(.ramfunc.$BOARD_SDRAM))
 *(SORT_BY_ALIGNMENT(.data.$RAM4))
 *(SORT_BY_ALIGNMENT(.data.$BOARD_SDRAM))
 *(SORT_BY_ALIGNMENT(.data.$RAM4.*))
 *(SORT_BY_ALIGNMENT(.data.$BOARD_SDRAM.*))
                0x80000000                        . = ALIGN (0x4)
                [!provide]                        PROVIDE (__end_data_RAM4 = .)
                [!provide]                        PROVIDE (__end_data_BOARD_SDRAM = .)

.data_RAM5      0x81e00000        0x0 load address 0x600079e4
 FILL mask 0xff
                [!provide]                        PROVIDE (__start_data_RAM5 = .)
                [!provide]                        PROVIDE (__start_data_NCACHE_REGION = .)
 *(SORT_BY_ALIGNMENT(.ramfunc.$RAM5))
 *(SORT_BY_ALIGNMENT(.ramfunc.$NCACHE_REGION))
 *(SORT_BY_ALIGNMENT(.data.$RAM5))
 *(SORT_BY_ALIGNMENT(.data.$NCACHE_REGION))
 *(SORT_BY_ALIGNMENT(.data.$RAM5.*))
 *(SORT_BY_ALIGNMENT(.data.$NCACHE_REGION.*))
                0x81e00000                        . = ALIGN (0x4)
                [!provide]                        PROVIDE (__end_data_RAM5 = .)
                [!provide]                        PROVIDE (__end_data_NCACHE_REGION = .)

.uninit_RESERVED
                0x20000000        0x0
                0x20000000                        _start_uninit_RESERVED = .
 *(SORT_BY_ALIGNMENT(.bss.$RESERVED*))
                0x20000000                        . = ALIGN (0x4)
                0x20000000                        _end_uninit_RESERVED = .

.data           0x20000000      0x14c load address 0x600079e4
 FILL mask 0xff
                0x20000000                        _data = .
                [!provide]                        PROVIDE (__start_data_RAM = .)
                [!provide]                        PROVIDE (__start_data_SRAM_DTC = .)
 *(SORT_BY_ALIGNMENT(vtable))
 *(SORT_BY_ALIGNMENT(.ramfunc*))
 *(SORT_BY_ALIGNMENT(CodeQuickAccess))
 *(SORT_BY_ALIGNMENT(DataQuickAccess))
 *(SORT_BY_ALIGNMENT(RamFunction))
 *(SORT_BY_ALIGNMENT(NonCacheable.init))
 NonCacheable.init
                0x20000000       0x44 ./source/dcp.o
 NonCacheable.init
                0x20000044       0xd0 ./drivers/fsl_dcp.o
 *(SORT_BY_ALIGNMENT(.data*))
 .data.s_nullSha1
                0x20000114       0x14 ./drivers/fsl_dcp.o
 .data.s_nullSha256
                0x20000128       0x20 ./drivers/fsl_dcp.o
 .data.SystemCoreClock
                0x20000148        0x4 ./device/system_MIMXRT1024.o
                0x20000148                SystemCoreClock
                0x2000014c                        . = ALIGN (0x4)
                0x2000014c                        _edata = .
                [!provide]                        PROVIDE (__end_data_RAM = .)
                [!provide]                        PROVIDE (__end_data_SRAM_DTC = .)

.igot.plt       0x2000014c        0x0 load address 0x60007b30
 .igot.plt      0x2000014c        0x0 ./xip/fsl_flexspi_nor_boot.o

.bss_RAM2       0x00000000        0x0
                [!provide]                        PROVIDE (__start_bss_RAM2 = .)
                [!provide]                        PROVIDE (__start_bss_SRAM_ITC = .)
 *(SORT_BY_ALIGNMENT(.bss.$RAM2))
 *(SORT_BY_ALIGNMENT(.bss.$SRAM_ITC))
 *(SORT_BY_ALIGNMENT(.bss.$RAM2.*))
 *(SORT_BY_ALIGNMENT(.bss.$SRAM_ITC.*))
                0x00000000                        . = ALIGN ((. != 0x0)?0x4:0x1)
                [!provide]                        PROVIDE (__end_bss_RAM2 = .)
                [!provide]                        PROVIDE (__end_bss_SRAM_ITC = .)

.bss_RAM3       0x20200000        0x0
                [!provide]                        PROVIDE (__start_bss_RAM3 = .)
                [!provide]                        PROVIDE (__start_bss_SRAM_OC = .)
 *(SORT_BY_ALIGNMENT(.bss.$RAM3))
 *(SORT_BY_ALIGNMENT(.bss.$SRAM_OC))
 *(SORT_BY_ALIGNMENT(.bss.$RAM3.*))
 *(SORT_BY_ALIGNMENT(.bss.$SRAM_OC.*))
                0x20200000                        . = ALIGN ((. != 0x0)?0x4:0x1)
                [!provide]                        PROVIDE (__end_bss_RAM3 = .)
                [!provide]                        PROVIDE (__end_bss_SRAM_OC = .)

.bss_RAM4       0x80000000        0x0
                [!provide]                        PROVIDE (__start_bss_RAM4 = .)
                [!provide]                        PROVIDE (__start_bss_BOARD_SDRAM = .)
 *(SORT_BY_ALIGNMENT(.bss.$RAM4))
 *(SORT_BY_ALIGNMENT(.bss.$BOARD_SDRAM))
 *(SORT_BY_ALIGNMENT(.bss.$RAM4.*))
 *(SORT_BY_ALIGNMENT(.bss.$BOARD_SDRAM.*))
                0x80000000                        . = ALIGN ((. != 0x0)?0x4:0x1)
                [!provide]                        PROVIDE (__end_bss_RAM4 = .)
                [!provide]                        PROVIDE (__end_bss_BOARD_SDRAM = .)

.bss_RAM5       0x81e00000        0x0
                [!provide]                        PROVIDE (__start_bss_RAM5 = .)
                [!provide]                        PROVIDE (__start_bss_NCACHE_REGION = .)
 *(SORT_BY_ALIGNMENT(.bss.$RAM5))
 *(SORT_BY_ALIGNMENT(.bss.$NCACHE_REGION))
 *(SORT_BY_ALIGNMENT(.bss.$RAM5.*))
 *(SORT_BY_ALIGNMENT(.bss.$NCACHE_REGION.*))
                0x81e00000                        . = ALIGN ((. != 0x0)?0x4:0x1)
                [!provide]                        PROVIDE (__end_bss_RAM5 = .)
                [!provide]                        PROVIDE (__end_bss_NCACHE_REGION = .)

.bss            0x2000014c      0x150
                0x2000014c                        _bss = .
                [!provide]                        PROVIDE (__start_bss_RAM = .)
                [!provide]                        PROVIDE (__start_bss_SRAM_DTC = .)
 *(SORT_BY_ALIGNMENT(NonCacheable))
 NonCacheable   0x2000014c       0x34 ./source/dcp.o
 *(SORT_BY_ALIGNMENT(.bss*))
 .bss.s_debugConsole
                0x20000180       0x14 ./utilities/fsl_debug_console.o
 .bss.g_xtalFreq
                0x20000194        0x4 ./drivers/fsl_clock.o
                0x20000194                g_xtalFreq
 .bss.g_rtcXtalFreq
                0x20000198        0x4 ./drivers/fsl_clock.o
                0x20000198                g_rtcXtalFreq
 .bss.s_lpuartHandle
                0x2000019c       0x24 ./drivers/fsl_lpuart.o
                0x2000019c                s_lpuartHandle
 .bss.s_lpuartIsr
                0x200001c0       0x24 ./drivers/fsl_lpuart.o
                0x200001c0                s_lpuartIsr
 .bss.errno     0x200001e4        0x4 c:/nxp/mcuxpressoide_11.9.0_2144/ide/plugins/com.nxp.mcuxpresso.tools.win32_11.9.0.202307121226/tools/bin/../lib/gcc/arm-none-eabi/12.3.1/../../../../arm-none-eabi/lib/thumb/v7e-m+dp/hard\libcr_c.a(errno.o)
                0x200001e4                errno
 .bss.__Ciob    0x200001e8       0xb4 c:/nxp/mcuxpressoide_11.9.0_2144/ide/plugins/com.nxp.mcuxpresso.tools.win32_11.9.0.202307121226/tools/bin/../lib/gcc/arm-none-eabi/12.3.1/../../../../arm-none-eabi/lib/thumb/v7e-m+dp/hard\libcr_nohost_nf.a(__ciob.o)
                0x200001e8                __Ciob
 *(SORT_BY_ALIGNMENT(COMMON))
                0x2000029c                        . = ALIGN (0x4)
                0x2000029c                        _ebss = .
                [!provide]                        PROVIDE (__end_bss_RAM = .)
                [!provide]                        PROVIDE (__end_bss_SRAM_DTC = .)
                [!provide]                        PROVIDE (end = .)

.noinit_RAM2    0x00000000        0x0
                [!provide]                        PROVIDE (__start_noinit_RAM2 = .)
                [!provide]                        PROVIDE (__start_noinit_SRAM_ITC = .)
 *(SORT_BY_ALIGNMENT(.noinit.$RAM2))
 *(SORT_BY_ALIGNMENT(.noinit.$SRAM_ITC))
 *(SORT_BY_ALIGNMENT(.noinit.$RAM2.*))
 *(SORT_BY_ALIGNMENT(.noinit.$SRAM_ITC.*))
                0x00000000                        . = ALIGN (0x4)
                [!provide]                        PROVIDE (__end_noinit_RAM2 = .)
                [!provide]                        PROVIDE (__end_noinit_SRAM_ITC = .)

.noinit_RAM3    0x20200000        0x0
                [!provide]                        PROVIDE (__start_noinit_RAM3 = .)
                [!provide]                        PROVIDE (__start_noinit_SRAM_OC = .)
 *(SORT_BY_ALIGNMENT(.noinit.$RAM3))
 *(SORT_BY_ALIGNMENT(.noinit.$SRAM_OC))
 *(SORT_BY_ALIGNMENT(.noinit.$RAM3.*))
 *(SORT_BY_ALIGNMENT(.noinit.$SRAM_OC.*))
                0x20200000                        . = ALIGN (0x4)
                [!provide]                        PROVIDE (__end_noinit_RAM3 = .)
                [!provide]                        PROVIDE (__end_noinit_SRAM_OC = .)

.noinit_RAM4    0x80000000        0x0
                [!provide]                        PROVIDE (__start_noinit_RAM4 = .)
                [!provide]                        PROVIDE (__start_noinit_BOARD_SDRAM = .)
 *(SORT_BY_ALIGNMENT(.noinit.$RAM4))
 *(SORT_BY_ALIGNMENT(.noinit.$BOARD_SDRAM))
 *(SORT_BY_ALIGNMENT(.noinit.$RAM4.*))
 *(SORT_BY_ALIGNMENT(.noinit.$BOARD_SDRAM.*))
                0x80000000                        . = ALIGN (0x4)
                [!provide]                        PROVIDE (__end_noinit_RAM4 = .)
                [!provide]                        PROVIDE (__end_noinit_BOARD_SDRAM = .)

.noinit_RAM5    0x81e00000        0x0
                [!provide]                        PROVIDE (__start_noinit_RAM5 = .)
                [!provide]                        PROVIDE (__start_noinit_NCACHE_REGION = .)
 *(SORT_BY_ALIGNMENT(.noinit.$RAM5))
 *(SORT_BY_ALIGNMENT(.noinit.$NCACHE_REGION))
 *(SORT_BY_ALIGNMENT(.noinit.$RAM5.*))
 *(SORT_BY_ALIGNMENT(.noinit.$NCACHE_REGION.*))
                0x81e00000                        . = ALIGN (0x4)
                [!provide]                        PROVIDE (__end_noinit_RAM5 = .)
                [!provide]                        PROVIDE (__end_noinit_NCACHE_REGION = .)

.noinit         0x2000029c        0x0
                0x2000029c                        _noinit = .
                [!provide]                        PROVIDE (__start_noinit_RAM = .)
                [!provide]                        PROVIDE (__start_noinit_SRAM_DTC = .)
 *(SORT_BY_ALIGNMENT(.noinit*))
                0x2000029c                        . = ALIGN (0x4)
                0x2000029c                        _end_noinit = .
                [!provide]                        PROVIDE (__end_noinit_RAM = .)
                [!provide]                        PROVIDE (__end_noinit_SRAM_DTC = .)
                0x00001000                        _HeapSize = 0x1000

.heap           0x2000029c     0x1000
                0x2000029c                        _pvHeapStart = .
                0x2000129c                        . = (. + _HeapSize)
 *fill*         0x2000029c     0x1000 
                0x2000129c                        . = ALIGN (0x4)
                0x2000129c                        _pvHeapLimit = .
                0x00001000                        _StackSize = 0x1000

.heap2stackfill
                0x2000129c     0x1000
                0x2000229c                        . = (. + _StackSize)
 *fill*         0x2000129c     0x1000 

.stack          0x2000f000        0x0
                0x2000f000                        _vStackBase = .
                0x2000f000                        . = ALIGN (0x4)
                0x20010000                        _vStackTop = (. + _StackSize)
                0x60002000                        _image_start = LOADADDR (.text)
                0x60007b30                        _image_end = (LOADADDR (.data) + SIZEOF (.data))
                0x00005b30                        _image_size = (_image_end - _image_start)
OUTPUT(evkmimxrt1024_dcp.axf elf32-littlearm)
LOAD linker stubs

.debug_info     0x00000000    0x12785
 .debug_info    0x00000000      0x852 ./xip/evkmimxrt1024_flexspi_nor_config.o
 .debug_info    0x00000852      0x481 ./xip/fsl_flexspi_nor_boot.o
 .debug_info    0x00000cd3      0x12e ./utilities/fsl_assert.o
 .debug_info    0x00000e01      0xcd0 ./utilities/fsl_debug_console.o
 .debug_info    0x00001ad1       0x24 ./utilities/fsl_memcpy.o
 .debug_info    0x00001af5     0x12fd ./startup/startup_mimxrt1024.o
 .debug_info    0x00002df2      0xe96 ./source/dcp.o
 .debug_info    0x00003c88       0x3c ./source/semihost_hardfault.o
 .debug_info    0x00003cc4      0x8a7 ./drivers/fsl_cache.o
 .debug_info    0x0000456b     0x21af ./drivers/fsl_clock.o
 .debug_info    0x0000671a     0x25a6 ./drivers/fsl_dcp.o
 .debug_info    0x00008cc0     0x27b7 ./drivers/fsl_lpuart.o
 .debug_info    0x0000b477      0xd2b ./device/system_MIMXRT1024.o
 .debug_info    0x0000c1a2      0xbdf ./component/uart/fsl_adapter_lpuart.o
 .debug_info    0x0000cd81      0xfc7 ./board/board.o
 .debug_info    0x0000dd48     0x1862 ./board/clock_config.o
 .debug_info    0x0000f5aa      0x854 ./board/pin_mux.o
 .debug_info    0x0000fdfe       0x85 c:/nxp/mcuxpressoide_11.9.0_2144/ide/plugins/com.nxp.mcuxpresso.tools.win32_11.9.0.202307121226/tools/bin/../lib/gcc/arm-none-eabi/12.3.1/../../../../arm-none-eabi/lib/thumb/v7e-m+dp/hard\libcr_nohost_nf.a(_cr__main.o)
 .debug_info    0x0000fe83       0xe3 c:/nxp/mcuxpressoide_11.9.0_2144/ide/plugins/com.nxp.mcuxpresso.tools.win32_11.9.0.202307121226/tools/bin/../lib/gcc/arm-none-eabi/12.3.1/../../../../arm-none-eabi/lib/thumb/v7e-m+dp/hard\libcr_c.a(memset.o)
 .debug_info    0x0000ff66      0x506 c:/nxp/mcuxpressoide_11.9.0_2144/ide/plugins/com.nxp.mcuxpresso.tools.win32_11.9.0.202307121226/tools/bin/../lib/gcc/arm-none-eabi/12.3.1/../../../../arm-none-eabi/lib/thumb/v7e-m+dp/hard\libcr_c.a(alloc.o)
 .debug_info    0x0001046c       0x44 c:/nxp/mcuxpressoide_11.9.0_2144/ide/plugins/com.nxp.mcuxpresso.tools.win32_11.9.0.202307121226/tools/bin/../lib/gcc/arm-none-eabi/12.3.1/../../../../arm-none-eabi/lib/thumb/v7e-m+dp/hard\libcr_c.a(errno.o)
 .debug_info    0x000104b0      0x339 c:/nxp/mcuxpressoide_11.9.0_2144/ide/plugins/com.nxp.mcuxpresso.tools.win32_11.9.0.202307121226/tools/bin/../lib/gcc/arm-none-eabi/12.3.1/../../../../arm-none-eabi/lib/thumb/v7e-m+dp/hard\libcr_c.a(initio.o)
 .debug_info    0x000107e9      0x10e c:/nxp/mcuxpressoide_11.9.0_2144/ide/plugins/com.nxp.mcuxpresso.tools.win32_11.9.0.202307121226/tools/bin/../lib/gcc/arm-none-eabi/12.3.1/../../../../arm-none-eabi/lib/thumb/v7e-m+dp/hard\libcr_c.a(memcmp.o)
 .debug_info    0x000108f7      0x1f6 c:/nxp/mcuxpressoide_11.9.0_2144/ide/plugins/com.nxp.mcuxpresso.tools.win32_11.9.0.202307121226/tools/bin/../lib/gcc/arm-none-eabi/12.3.1/../../../../arm-none-eabi/lib/thumb/v7e-m+dp/hard\libcr_c.a(setvbuf.o)
 .debug_info    0x00010aed       0xda c:/nxp/mcuxpressoide_11.9.0_2144/ide/plugins/com.nxp.mcuxpresso.tools.win32_11.9.0.202307121226/tools/bin/../lib/gcc/arm-none-eabi/12.3.1/../../../../arm-none-eabi/lib/thumb/v7e-m+dp/hard\libcr_c.a(strlen.o)
 .debug_info    0x00010bc7      0x362 c:/nxp/mcuxpressoide_11.9.0_2144/ide/plugins/com.nxp.mcuxpresso.tools.win32_11.9.0.202307121226/tools/bin/../lib/gcc/arm-none-eabi/12.3.1/../../../../arm-none-eabi/lib/thumb/v7e-m+dp/hard\libcr_c.a(_deferredlazyseek.o)
 .debug_info    0x00010f29      0x244 c:/nxp/mcuxpressoide_11.9.0_2144/ide/plugins/com.nxp.mcuxpresso.tools.win32_11.9.0.202307121226/tools/bin/../lib/gcc/arm-none-eabi/12.3.1/../../../../arm-none-eabi/lib/thumb/v7e-m+dp/hard\libcr_c.a(_fdopen.o)
 .debug_info    0x0001116d      0x1e3 c:/nxp/mcuxpressoide_11.9.0_2144/ide/plugins/com.nxp.mcuxpresso.tools.win32_11.9.0.202307121226/tools/bin/../lib/gcc/arm-none-eabi/12.3.1/../../../../arm-none-eabi/lib/thumb/v7e-m+dp/hard\libcr_c.a(_fflush.o)
 .debug_info    0x00011350      0x282 c:/nxp/mcuxpressoide_11.9.0_2144/ide/plugins/com.nxp.mcuxpresso.tools.win32_11.9.0.202307121226/tools/bin/../lib/gcc/arm-none-eabi/12.3.1/../../../../arm-none-eabi/lib/thumb/v7e-m+dp/hard\libcr_c.a(_writebuf.o)
 .debug_info    0x000115d2      0x318 c:/nxp/mcuxpressoide_11.9.0_2144/ide/plugins/com.nxp.mcuxpresso.tools.win32_11.9.0.202307121226/tools/bin/../lib/gcc/arm-none-eabi/12.3.1/../../../../arm-none-eabi/lib/thumb/v7e-m+dp/hard\libcr_c.a(fclose.o)
 .debug_info    0x000118ea      0x202 c:/nxp/mcuxpressoide_11.9.0_2144/ide/plugins/com.nxp.mcuxpresso.tools.win32_11.9.0.202307121226/tools/bin/../lib/gcc/arm-none-eabi/12.3.1/../../../../arm-none-eabi/lib/thumb/v7e-m+dp/hard\libcr_c.a(fflush.o)
 .debug_info    0x00011aec      0x276 c:/nxp/mcuxpressoide_11.9.0_2144/ide/plugins/com.nxp.mcuxpresso.tools.win32_11.9.0.202307121226/tools/bin/../lib/gcc/arm-none-eabi/12.3.1/../../../../arm-none-eabi/lib/thumb/v7e-m+dp/hard\libcr_c.a(fseek.o)
 .debug_info    0x00011d62      0x190 c:/nxp/mcuxpressoide_11.9.0_2144/ide/plugins/com.nxp.mcuxpresso.tools.win32_11.9.0.202307121226/tools/bin/../lib/gcc/arm-none-eabi/12.3.1/../../../../arm-none-eabi/lib/thumb/v7e-m+dp/hard\libcr_c.a(ftell.o)
 .debug_info    0x00011ef2      0x1ca c:/nxp/mcuxpressoide_11.9.0_2144/ide/plugins/com.nxp.mcuxpresso.tools.win32_11.9.0.202307121226/tools/bin/../lib/gcc/arm-none-eabi/12.3.1/../../../../arm-none-eabi/lib/thumb/v7e-m+dp/hard\libcr_c.a(remove.o)
 .debug_info    0x000120bc      0x23a c:/nxp/mcuxpressoide_11.9.0_2144/ide/plugins/com.nxp.mcuxpresso.tools.win32_11.9.0.202307121226/tools/bin/../lib/gcc/arm-none-eabi/12.3.1/../../../../arm-none-eabi/lib/thumb/v7e-m+dp/hard\libcr_c.a(_do_fflush.o)
 .debug_info    0x000122f6      0x18b c:/nxp/mcuxpressoide_11.9.0_2144/ide/plugins/com.nxp.mcuxpresso.tools.win32_11.9.0.202307121226/tools/bin/../lib/gcc/arm-none-eabi/12.3.1/../../../../arm-none-eabi/lib/thumb/v7e-m+dp/hard\libcr_nohost_nf.a(__ciob.o)
 .debug_info    0x00012481       0x5c c:/nxp/mcuxpressoide_11.9.0_2144/ide/plugins/com.nxp.mcuxpresso.tools.win32_11.9.0.202307121226/tools/bin/../lib/gcc/arm-none-eabi/12.3.1/../../../../arm-none-eabi/lib/thumb/v7e-m+dp/hard\libcr_nohost_nf.a(__sys_close.o)
 .debug_info    0x000124dd       0x5c c:/nxp/mcuxpressoide_11.9.0_2144/ide/plugins/com.nxp.mcuxpresso.tools.win32_11.9.0.202307121226/tools/bin/../lib/gcc/arm-none-eabi/12.3.1/../../../../arm-none-eabi/lib/thumb/v7e-m+dp/hard\libcr_nohost_nf.a(__sys_flen.o)
 .debug_info    0x00012539       0x5c c:/nxp/mcuxpressoide_11.9.0_2144/ide/plugins/com.nxp.mcuxpresso.tools.win32_11.9.0.202307121226/tools/bin/../lib/gcc/arm-none-eabi/12.3.1/../../../../arm-none-eabi/lib/thumb/v7e-m+dp/hard\libcr_nohost_nf.a(__sys_istty.o)
 .debug_info    0x00012595       0x7c c:/nxp/mcuxpressoide_11.9.0_2144/ide/plugins/com.nxp.mcuxpresso.tools.win32_11.9.0.202307121226/tools/bin/../lib/gcc/arm-none-eabi/12.3.1/../../../../arm-none-eabi/lib/thumb/v7e-m+dp/hard\libcr_nohost_nf.a(__sys_remove.o)
 .debug_info    0x00012611       0x6a c:/nxp/mcuxpressoide_11.9.0_2144/ide/plugins/com.nxp.mcuxpresso.tools.win32_11.9.0.202307121226/tools/bin/../lib/gcc/arm-none-eabi/12.3.1/../../../../arm-none-eabi/lib/thumb/v7e-m+dp/hard\libcr_nohost_nf.a(__sys_seek.o)
 .debug_info    0x0001267b       0x85 c:/nxp/mcuxpressoide_11.9.0_2144/ide/plugins/com.nxp.mcuxpresso.tools.win32_11.9.0.202307121226/tools/bin/../lib/gcc/arm-none-eabi/12.3.1/../../../../arm-none-eabi/lib/thumb/v7e-m+dp/hard\libcr_nohost_nf.a(__sys_tmpnam.o)
 .debug_info    0x00012700       0x85 c:/nxp/mcuxpressoide_11.9.0_2144/ide/plugins/com.nxp.mcuxpresso.tools.win32_11.9.0.202307121226/tools/bin/../lib/gcc/arm-none-eabi/12.3.1/../../../../arm-none-eabi/lib/thumb/v7e-m+dp/hard\libcr_nohost_nf.a(__sys_write.o)

.debug_abbrev   0x00000000     0x38a0
 .debug_abbrev  0x00000000      0x10a ./xip/evkmimxrt1024_flexspi_nor_config.o
 .debug_abbrev  0x0000010a       0xe2 ./xip/fsl_flexspi_nor_boot.o
 .debug_abbrev  0x000001ec       0xbd ./utilities/fsl_assert.o
 .debug_abbrev  0x000002a9      0x256 ./utilities/fsl_debug_console.o
 .debug_abbrev  0x000004ff       0x14 ./utilities/fsl_memcpy.o
 .debug_abbrev  0x00000513      0x147 ./startup/startup_mimxrt1024.o
 .debug_abbrev  0x0000065a      0x249 ./source/dcp.o
 .debug_abbrev  0x000008a3       0x31 ./source/semihost_hardfault.o
 .debug_abbrev  0x000008d4      0x1f1 ./drivers/fsl_cache.o
 .debug_abbrev  0x00000ac5      0x35a ./drivers/fsl_clock.o
 .debug_abbrev  0x00000e1f      0x44f ./drivers/fsl_dcp.o
 .debug_abbrev  0x0000126e      0x488 ./drivers/fsl_lpuart.o
 .debug_abbrev  0x000016f6      0x1cf ./device/system_MIMXRT1024.o
 .debug_abbrev  0x000018c5      0x1e7 ./component/uart/fsl_adapter_lpuart.o
 .debug_abbrev  0x00001aac      0x2dd ./board/board.o
 .debug_abbrev  0x00001d89      0x309 ./board/clock_config.o
 .debug_abbrev  0x00002092      0x22d ./board/pin_mux.o
 .debug_abbrev  0x000022bf       0x70 c:/nxp/mcuxpressoide_11.9.0_2144/ide/plugins/com.nxp.mcuxpresso.tools.win32_11.9.0.202307121226/tools/bin/../lib/gcc/arm-none-eabi/12.3.1/../../../../arm-none-eabi/lib/thumb/v7e-m+dp/hard\libcr_nohost_nf.a(_cr__main.o)
 .debug_abbrev  0x0000232f       0xa8 c:/nxp/mcuxpressoide_11.9.0_2144/ide/plugins/com.nxp.mcuxpresso.tools.win32_11.9.0.202307121226/tools/bin/../lib/gcc/arm-none-eabi/12.3.1/../../../../arm-none-eabi/lib/thumb/v7e-m+dp/hard\libcr_c.a(memset.o)
 .debug_abbrev  0x000023d7      0x284 c:/nxp/mcuxpressoide_11.9.0_2144/ide/plugins/com.nxp.mcuxpresso.tools.win32_11.9.0.202307121226/tools/bin/../lib/gcc/arm-none-eabi/12.3.1/../../../../arm-none-eabi/lib/thumb/v7e-m+dp/hard\libcr_c.a(alloc.o)
 .debug_abbrev  0x0000265b       0x44 c:/nxp/mcuxpressoide_11.9.0_2144/ide/plugins/com.nxp.mcuxpresso.tools.win32_11.9.0.202307121226/tools/bin/../lib/gcc/arm-none-eabi/12.3.1/../../../../arm-none-eabi/lib/thumb/v7e-m+dp/hard\libcr_c.a(errno.o)
 .debug_abbrev  0x0000269f      0x169 c:/nxp/mcuxpressoide_11.9.0_2144/ide/plugins/com.nxp.mcuxpresso.tools.win32_11.9.0.202307121226/tools/bin/../lib/gcc/arm-none-eabi/12.3.1/../../../../arm-none-eabi/lib/thumb/v7e-m+dp/hard\libcr_c.a(initio.o)
 .debug_abbrev  0x00002808       0x9d c:/nxp/mcuxpressoide_11.9.0_2144/ide/plugins/com.nxp.mcuxpresso.tools.win32_11.9.0.202307121226/tools/bin/../lib/gcc/arm-none-eabi/12.3.1/../../../../arm-none-eabi/lib/thumb/v7e-m+dp/hard\libcr_c.a(memcmp.o)
 .debug_abbrev  0x000028a5       0xe1 c:/nxp/mcuxpressoide_11.9.0_2144/ide/plugins/com.nxp.mcuxpresso.tools.win32_11.9.0.202307121226/tools/bin/../lib/gcc/arm-none-eabi/12.3.1/../../../../arm-none-eabi/lib/thumb/v7e-m+dp/hard\libcr_c.a(setvbuf.o)
 .debug_abbrev  0x00002986       0xa7 c:/nxp/mcuxpressoide_11.9.0_2144/ide/plugins/com.nxp.mcuxpresso.tools.win32_11.9.0.202307121226/tools/bin/../lib/gcc/arm-none-eabi/12.3.1/../../../../arm-none-eabi/lib/thumb/v7e-m+dp/hard\libcr_c.a(strlen.o)
 .debug_abbrev  0x00002a2d      0x152 c:/nxp/mcuxpressoide_11.9.0_2144/ide/plugins/com.nxp.mcuxpresso.tools.win32_11.9.0.202307121226/tools/bin/../lib/gcc/arm-none-eabi/12.3.1/../../../../arm-none-eabi/lib/thumb/v7e-m+dp/hard\libcr_c.a(_deferredlazyseek.o)
 .debug_abbrev  0x00002b7f      0x119 c:/nxp/mcuxpressoide_11.9.0_2144/ide/plugins/com.nxp.mcuxpresso.tools.win32_11.9.0.202307121226/tools/bin/../lib/gcc/arm-none-eabi/12.3.1/../../../../arm-none-eabi/lib/thumb/v7e-m+dp/hard\libcr_c.a(_fdopen.o)
 .debug_abbrev  0x00002c98       0xf1 c:/nxp/mcuxpressoide_11.9.0_2144/ide/plugins/com.nxp.mcuxpresso.tools.win32_11.9.0.202307121226/tools/bin/../lib/gcc/arm-none-eabi/12.3.1/../../../../arm-none-eabi/lib/thumb/v7e-m+dp/hard\libcr_c.a(_fflush.o)